
Optional file libmchp_peripheral.a not found

Optional file libmchp_peripheral_32MX795F512L.a not found
Archive member included because of file (symbol)

c:/program files (x86)/microchip/xc32/v2.10/bin/bin/../../lib/gcc/pic32mx/4.8.3/../../../../pic32mx/lib\libpic32.a(memcpy.o)
                              build/default/debug/_ext/1755465438/queue.o (memcpy)
c:/program files (x86)/microchip/xc32/v2.10/bin/bin/../../lib/gcc/pic32mx/4.8.3/../../../../pic32mx/lib\libpic32.a(memset.o)
                              build/default/debug/_ext/1755465438/tasks.o (memset)
c:/program files (x86)/microchip/xc32/v2.10/bin/bin/../../lib/gcc/pic32mx/4.8.3/../../../../pic32mx/lib\libpic32.a(default-bootstrap-exception-handler.o)
                              c:/program files (x86)/microchip/xc32/v2.10/bin/bin/../../lib/gcc/pic32mx/4.8.3/../../../../pic32mx/lib/./proc/32MX795F512L/crt0_mips32r2.o (_bootstrap_exception_handler)
c:/program files (x86)/microchip/xc32/v2.10/bin/bin/../../lib/gcc/pic32mx/4.8.3/../../../../pic32mx/lib\libpic32.a(default-on-reset.o)
                              c:/program files (x86)/microchip/xc32/v2.10/bin/bin/../../lib/gcc/pic32mx/4.8.3/../../../../pic32mx/lib/./proc/32MX795F512L/crt0_mips32r2.o (_on_reset)
c:/program files (x86)/microchip/xc32/v2.10/bin/bin/../../lib/gcc/pic32mx/4.8.3/../../../../pic32mx/lib\libpic32.a(default-on-bootstrap.o)
                              c:/program files (x86)/microchip/xc32/v2.10/bin/bin/../../lib/gcc/pic32mx/4.8.3/../../../../pic32mx/lib/./proc/32MX795F512L/crt0_mips32r2.o (_on_bootstrap)
c:/program files (x86)/microchip/xc32/v2.10/bin/bin/../../lib/gcc/pic32mx/4.8.3/../../../../pic32mx/lib\libpic32.a(default-nmi-handler.o)
                              c:/program files (x86)/microchip/xc32/v2.10/bin/bin/../../lib/gcc/pic32mx/4.8.3/../../../../pic32mx/lib/./proc/32MX795F512L/crt0_mips32r2.o (_nmi_handler)
c:/program files (x86)/microchip/xc32/v2.10/bin/bin/../../lib/gcc/pic32mx/4.8.3/../../../../pic32mx/lib\libpic32.a(pic32_data_init.o)
                              c:/program files (x86)/microchip/xc32/v2.10/bin/bin/../../lib/gcc/pic32mx/4.8.3/../../../../pic32mx/lib/./proc/32MX795F512L/crt0_mips32r2.o (__pic32_data_init)
c:/program files (x86)/microchip/xc32/v2.10/bin/bin/../../lib/gcc/pic32mx/4.8.3/../../../../pic32mx/lib\libpic32.a(general-exception.o)
                              c:/program files (x86)/microchip/xc32/v2.10/bin/bin/../../lib/gcc/pic32mx/4.8.3/../../../../pic32mx/lib/./proc/32MX795F512L/crt0_mips32r2.o (_general_exception_context)
c:/program files (x86)/microchip/xc32/v2.10/bin/bin/../../lib/gcc/pic32mx/4.8.3/../../../../pic32mx/lib\libpic32.a(vector0.o)
                              c:/program files (x86)/microchip/xc32/v2.10/bin/bin/../../lib/gcc/pic32mx/4.8.3/../../../../pic32mx/lib/./proc/32MX795F512L\default_isr_vectors.o (__vector_dispatch_0)
c:/program files (x86)/microchip/xc32/v2.10/bin/bin/../../lib/gcc/pic32mx/4.8.3/../../../../pic32mx/lib\libpic32.a(vector2.o)
                              c:/program files (x86)/microchip/xc32/v2.10/bin/bin/../../lib/gcc/pic32mx/4.8.3/../../../../pic32mx/lib/./proc/32MX795F512L\default_isr_vectors.o (__vector_dispatch_2)
c:/program files (x86)/microchip/xc32/v2.10/bin/bin/../../lib/gcc/pic32mx/4.8.3/../../../../pic32mx/lib\libpic32.a(vector3.o)
                              c:/program files (x86)/microchip/xc32/v2.10/bin/bin/../../lib/gcc/pic32mx/4.8.3/../../../../pic32mx/lib/./proc/32MX795F512L\default_isr_vectors.o (__vector_dispatch_3)
c:/program files (x86)/microchip/xc32/v2.10/bin/bin/../../lib/gcc/pic32mx/4.8.3/../../../../pic32mx/lib\libpic32.a(vector5.o)
                              c:/program files (x86)/microchip/xc32/v2.10/bin/bin/../../lib/gcc/pic32mx/4.8.3/../../../../pic32mx/lib/./proc/32MX795F512L\default_isr_vectors.o (__vector_dispatch_5)
c:/program files (x86)/microchip/xc32/v2.10/bin/bin/../../lib/gcc/pic32mx/4.8.3/../../../../pic32mx/lib\libpic32.a(vector6.o)
                              c:/program files (x86)/microchip/xc32/v2.10/bin/bin/../../lib/gcc/pic32mx/4.8.3/../../../../pic32mx/lib/./proc/32MX795F512L\default_isr_vectors.o (__vector_dispatch_6)
c:/program files (x86)/microchip/xc32/v2.10/bin/bin/../../lib/gcc/pic32mx/4.8.3/../../../../pic32mx/lib\libpic32.a(vector7.o)
                              c:/program files (x86)/microchip/xc32/v2.10/bin/bin/../../lib/gcc/pic32mx/4.8.3/../../../../pic32mx/lib/./proc/32MX795F512L\default_isr_vectors.o (__vector_dispatch_7)
c:/program files (x86)/microchip/xc32/v2.10/bin/bin/../../lib/gcc/pic32mx/4.8.3/../../../../pic32mx/lib\libpic32.a(vector9.o)
                              c:/program files (x86)/microchip/xc32/v2.10/bin/bin/../../lib/gcc/pic32mx/4.8.3/../../../../pic32mx/lib/./proc/32MX795F512L\default_isr_vectors.o (__vector_dispatch_9)
c:/program files (x86)/microchip/xc32/v2.10/bin/bin/../../lib/gcc/pic32mx/4.8.3/../../../../pic32mx/lib\libpic32.a(vector10.o)
[...]
Memory Configuration

Name             Origin             Length             Attributes
kseg0_data_mem   0x80000000         0x00000200
kseg1_data_mem   0xa0000000         0x00020000         w !x
kseg0_boot_mem   0x9fc00490         0x00000970
kseg1_boot_mem   0xbfc00000         0x00000490
kseg0_program_mem 0x9d000000         0x00080000         xr
exception_mem    0x9fc01000         0x00001000
debug_exec_mem   0xbfc02000         0x00000ff0
config3          0xbfc02ff0         0x00000004
config2          0xbfc02ff4         0x00000004
config1          0xbfc02ff8         0x00000004
config0          0xbfc02ffc         0x00000004
sfrs             0xbf800000         0x00100000
configsfrs       0xbfc02ff0         0x00000010
*default*        0x00000000         0xffffffff

Linker script and memory map


reserve_data_0_kseg0
                0x80000000      0x200
                0x80000000        0x2 SHORT 0x0
                0x000001fd                . = 0x1fd
 *fill*         0x80000002      0x1fb 
                0x80000200                . = ALIGN (0x4)
 *fill*         0x800001fd        0x3 

reserve_data_0_kseg1
                0xa0000000      0x200
                0xa0000000        0x2 SHORT 0x0
                0x000001fd                . = 0x1fd
 *fill*         0xa0000002      0x1fb 
                0xa0000200                . = ALIGN (0x4)
 *fill*         0xa00001fd        0x3 

reserve_boot_0x1fc02000_kseg0
                0x9fc02000      0xff0
                0x9fc02000        0x2 SHORT 0x0
                0x00000500                . = 0x500
 *fill*         0x9fc02002      0x4fe 
                0x9fc02500                . = ALIGN (0x4)
                0x9fc02500        0x2 SHORT 0x0
                0x00000ff0                . = 0xff0
 *fill*         0x9fc02502      0xaee 
                0x9fc02ff0                . = ALIGN (0x4)

reserve_boot_0x1fc02000_kseg1
                0xbfc02000      0xff0
                0xbfc02000        0x2 SHORT 0x0
                0x00000500                . = 0x500
 *fill*         0xbfc02002      0x4fe 
                0xbfc02500                . = ALIGN (0x4)
                0xbfc02500        0x2 SHORT 0x0
                0x00000ff0                . = 0xff0
 *fill*         0xbfc02502      0xaee 
                0xbfc02ff0                . = ALIGN (0x4)
LOAD c:/program files (x86)/microchip/xc32/v2.10/bin/bin/../../lib/gcc/pic32mx/4.8.3/../../../../pic32mx/lib/./proc/32MX795F512L/crt0_mips32r2.o
LOAD c:/program files (x86)/microchip/xc32/v2.10/bin/bin/../../lib/gcc/pic32mx/4.8.3/../../../../pic32mx/lib\software-debug-break.o
LOAD build/default/debug/_ext/1360937237/appThread.o
LOAD build/default/debug/_ext/1360937237/main.o
LOAD build/default/debug/_ext/1360937237/debug.o
LOAD build/default/debug/_ext/1360937237/sensor_queue.o
LOAD build/default/debug/_ext/1360937237/sensor_state.o
LOAD build/default/debug/_ext/685969283/osal_freertos.o
LOAD build/default/debug/_ext/1872847683/sys_int_pic32.o
LOAD build/default/debug/_ext/1755465438/croutine.o
LOAD build/default/debug/_ext/1755465438/list.o
LOAD build/default/debug/_ext/1755465438/queue.o
LOAD build/default/debug/_ext/1755465438/tasks.o
LOAD build/default/debug/_ext/1755465438/timers.o
LOAD build/default/debug/_ext/1755465438/event_groups.o
LOAD build/default/debug/_ext/1755465438/stream_buffer.o
LOAD build/default/debug/_ext/1294454783/heap_1.o
LOAD build/default/debug/_ext/1671281964/port.o
LOAD build/default/debug/_ext/1671281964/port_asm.o
LOAD build/default/debug/_ext/1361460060/drv_adc_static.o
LOAD build/default/debug/_ext/1407244131/drv_tmr_static.o
LOAD build/default/debug/_ext/1407244131/drv_tmr_mapping.o
LOAD build/default/debug/_ext/639803181/sys_clk_pic32mx.o
LOAD build/default/debug/_ext/340578644/sys_devcon.o
LOAD build/default/debug/_ext/340578644/sys_devcon_pic32mx.o
LOAD build/default/debug/_ext/822048611/sys_ports_static.o
LOAD build/default/debug/_ext/74298950/bsp.o
LOAD build/default/debug/_ext/1688732426/system_init.o
LOAD build/default/debug/_ext/1688732426/system_interrupt.o
LOAD build/default/debug/_ext/1688732426/system_exceptions.o
LOAD build/default/debug/_ext/1688732426/system_tasks.o
LOAD build/default/debug/_ext/1688732426/system_interrupt_a.o
LOAD build/default/debug/_ext/1688732426/rtos_hooks.o
LOAD ..\..\..\..\..\..\..\..\microchip\harmony\v2_06\bin\framework\peripheral\PIC32MX795F512L_peripherals.a
                0x00000001                __MPLAB_BUILD = 0x1
                0x00000001                __MPLAB_DEBUG = 0x1
                0x00000001                __DEBUG = 0x1
                0x00000001                __MPLAB_DEBUGGER_PK3 = 0x1
                0x00000000                _min_heap_size = 0x0
LOAD c:/program files (x86)/microchip/xc32/v2.10/bin/bin/../../lib/gcc/pic32mx/4.8.3/../../../../pic32mx/lib/./proc/32MX795F512L\default_isr_vectors.o
LOAD c:/program files (x86)/microchip/xc32/v2.10/bin/bin/../../lib/gcc/pic32mx/4.8.3/../../../../pic32mx/lib\pic32_software_reset.o
                0x00000400                PROVIDE (_min_stack_size, 0x400)
LOAD c:/program files (x86)/microchip/xc32/v2.10/bin/bin/../../lib/gcc/pic32mx/4.8.3/../../../../pic32mx/lib/./proc/32MX795F512L\processor.o
START GROUP
LOAD libmchp_peripheral.a
END GROUP
START GROUP
LOAD libmchp_peripheral_32MX795F512L.a
END GROUP
                0x00000001                PROVIDE (_vector_spacing, 0x1)
                0x9fc01000                PROVIDE (_ebase_address, 0x9fc01000)
                0xbfc00000                _RESET_ADDR = 0xbfc00000
                0xbfc00380                _BEV_EXCPT_ADDR = 0xbfc00380
                0xbfc00480                _DBG_EXCPT_ADDR = 0xbfc00480
                0xbfc02000                _DBG_CODE_ADDR = 0xbfc02000
                0x00000ff0                _DBG_CODE_SIZE = 0xff0
                0x9fc01180                _GEN_EXCPT_ADDR = (_ebase_address + 0x180)

.config_BFC02FF0
                0xbfc02ff0        0x4
 *(.config_BFC02FF0)
 .config_BFC02FF0
                0xbfc02ff0        0x4 build/default/debug/_ext/1688732426/system_init.o

.config_BFC02FF4
                0xbfc02ff4        0x4
 *(.config_BFC02FF4)
 .config_BFC02FF4
                0xbfc02ff4        0x4 build/default/debug/_ext/1688732426/system_init.o

.config_BFC02FF8
                0xbfc02ff8        0x4
 *(.config_BFC02FF8)
 .config_BFC02FF8
                0xbfc02ff8        0x4 build/default/debug/_ext/1688732426/system_init.o

.config_BFC02FFC
                0xbfc02ffc        0x4
 *(.config_BFC02FFC)
 .config_BFC02FFC
                0xbfc02ffc        0x4 build/default/debug/_ext/1688732426/system_init.o
                0xbfc02000                PROVIDE (_DBG_CODE_ADDR, 0xbfc02000)
                0x00000ff0                PROVIDE (_DBG_CODE_SIZE, 0xff0)

.reset          0xbfc00000      0x1a8
 *(.reset)
 .reset         0xbfc00000        0x8 c:/program files (x86)/microchip/xc32/v2.10/bin/bin/../../lib/gcc/pic32mx/4.8.3/../../../../pic32mx/lib/./proc/32MX795F512L/crt0_mips32r2.o
                0xbfc00000                _reset
 *(.reset.startup)
 .reset.startup
                0xbfc00008      0x1a0 c:/program files (x86)/microchip/xc32/v2.10/bin/bin/../../lib/gcc/pic32mx/4.8.3/../../../../pic32mx/lib/./proc/32MX795F512L/crt0_mips32r2.o
                0xbfc00008                _startup

.bev_excpt      0xbfc00380       0x10
 *(.bev_handler)
 .bev_handler   0xbfc00380       0x10 c:/program files (x86)/microchip/xc32/v2.10/bin/bin/../../lib/gcc/pic32mx/4.8.3/../../../../pic32mx/lib/./proc/32MX795F512L/crt0_mips32r2.o

.dbg_excpt      0xbfc00480        0x0
                0xbfc00480                . = (. + DEFINED (_DEBUGGER)?0x8:0x0)

.dbg_code       0xbfc02000        0x0
                0xbfc02000                . = (. + DEFINED (_DEBUGGER)?_DBG_CODE_SIZE:0x0)

.app_excpt      0x9fc01180       0x10
 *(.gen_handler)
 .gen_handler   0x9fc01180       0x10 c:/program files (x86)/microchip/xc32/v2.10/bin/bin/../../lib/gcc/pic32mx/4.8.3/../../../../pic32mx/lib/./proc/32MX795F512L/crt0_mips32r2.o

.vector_0       0x9fc01200        0x8
 *(.vector_0)
 .vector_0      0x9fc01200        0x8 c:/program files (x86)/microchip/xc32/v2.10/bin/bin/../../lib/gcc/pic32mx/4.8.3/../../../../pic32mx/lib\libpic32.a(vector0.o)
                0x9fc01200                __vector_dispatch_0
                0x00000001                ASSERT (((_vector_spacing == 0x0) || (SIZEOF (.vector_0) <= (_vector_spacing << 0x5))), function at exception vector 0 too large)

.vector_1       0x9fc01220        0x8
 *(.vector_1)
 .vector_1      0x9fc01220        0x8 build/default/debug/_ext/1671281964/port.o
                0x9fc01220                __vector_dispatch_1
                0x00000001                ASSERT (((_vector_spacing == 0x0) || (SIZEOF (.vector_1) <= (_vector_spacing << 0x5))), function at exception vector 1 too large)

.vector_2       0x9fc01240        0x8
 *(.vector_2)
 .vector_2      0x9fc01240        0x8 c:/program files (x86)/microchip/xc32/v2.10/bin/bin/../../lib/gcc/pic32mx/4.8.3/../../../../pic32mx/lib\libpic32.a(vector2.o)
                0x9fc01240                __vector_dispatch_2
                0x00000001                ASSERT (((_vector_spacing == 0x0) || (SIZEOF (.vector_2) <= (_vector_spacing << 0x5))), function at exception vector 2 too large)

.vector_3       0x9fc01260        0x8
 *(.vector_3)
 .vector_3      0x9fc01260        0x8 c:/program files (x86)/microchip/xc32/v2.10/bin/bin/../../lib/gcc/pic32mx/4.8.3/../../../../pic32mx/lib\libpic32.a(vector3.o)
                0x9fc01260                __vector_dispatch_3
                0x00000001                ASSERT (((_vector_spacing == 0x0) || (SIZEOF (.vector_3) <= (_vector_spacing << 0x5))), function at exception vector 3 too large)

.vector_4       0x9fc01280        0x8
 *(.vector_4)
 .vector_4      0x9fc01280        0x8 build/default/debug/_ext/1671281964/port.o
                0x9fc01280                __vector_dispatch_4
                0x00000001                ASSERT (((_vector_spacing == 0x0) || (SIZEOF (.vector_4) <= (_vector_spacing << 0x5))), function at exception vector 4 too large)

.vector_5       0x9fc012a0        0x8
 *(.vector_5)
 .vector_5      0x9fc012a0        0x8 c:/program files (x86)/microchip/xc32/v2.10/bin/bin/../../lib/gcc/pic32mx/4.8.3/../../../../pic32mx/lib\libpic32.a(vector5.o)
                0x9fc012a0                __vector_dispatch_5
                0x00000001                ASSERT (((_vector_spacing == 0x0) || (SIZEOF (.vector_5) <= (_vector_spacing << 0x5))), function at exception vector 5 too large)

.vector_6       0x9fc012c0        0x8
 *(.vector_6)
 .vector_6      0x9fc012c0        0x8 c:/program files (x86)/microchip/xc32/v2.10/bin/bin/../../lib/gcc/pic32mx/4.8.3/../../../../pic32mx/lib\libpic32.a(vector6.o)
                0x9fc012c0                __vector_dispatch_6
                0x00000001                ASSERT (((_vector_spacing == 0x0) || (SIZEOF (.vector_6) <= (_vector_spacing << 0x5))), function at exception vector 6 too large)

.vector_7       0x9fc012e0        0x8
 *(.vector_7)
 .vector_7      0x9fc012e0        0x8 c:/program files (x86)/microchip/xc32/v2.10/bin/bin/../../lib/gcc/pic32mx/4.8.3/../../../../pic32mx/lib\libpic32.a(vector7.o)
                0x9fc012e0                __vector_dispatch_7
                0x00000001                ASSERT (((_vector_spacing == 0x0) || (SIZEOF (.vector_7) <= (_vector_spacing << 0x5))), function at exception vector 7 too large)

.vector_8       0x9fc01300       0x10
 *(.vector_8)
 .vector_8      0x9fc01300       0x10 build/default/debug/_ext/1688732426/system_interrupt_a.o
                0x9fc01300                __vector_dispatch_8
                0x00000001                ASSERT (((_vector_spacing == 0x0) || (SIZEOF (.vector_8) <= (_vector_spacing << 0x5))), function at exception vector 8 too large)

.vector_9       0x9fc01320        0x8
 *(.vector_9)
 .vector_9      0x9fc01320        0x8 c:/program files (x86)/microchip/xc32/v2.10/bin/bin/../../lib/gcc/pic32mx/4.8.3/../../../../pic32mx/lib\libpic32.a(vector9.o)
                0x9fc01320                __vector_dispatch_9
                0x00000001                ASSERT (((_vector_spacing == 0x0) || (SIZEOF (.vector_9) <= (_vector_spacing << 0x5))), function at exception vector 9 too large)

.vector_10      0x9fc01340        0x8
 *(.vector_10)
 .vector_10     0x9fc01340        0x8 c:/program files (x86)/microchip/xc32/v2.10/bin/bin/../../lib/gcc/pic32mx/4.8.3/../../../../pic32mx/lib\libpic32.a(vector10.o)
                0x9fc01340                __vector_dispatch_10
                0x00000001                ASSERT (((_vector_spacing == 0x0) || (SIZEOF (.vector_10) <= (_vector_spacing << 0x5))), function at exception vector 10 too large)

.vector_11      0x9fc01360        0x8
 *(.vector_11)
 .vector_11     0x9fc01360        0x8 c:/program files (x86)/microchip/xc32/v2.10/bin/bin/../../lib/gcc/pic32mx/4.8.3/../../../../pic32mx/lib\libpic32.a(vector11.o)
                0x9fc01360                __vector_dispatch_11
                0x00000001                ASSERT (((_vector_spacing == 0x0) || (SIZEOF (.vector_11) <= (_vector_spacing << 0x5))), function at exception vector 11 too large)

.vector_12      0x9fc01380        0x8
 *(.vector_12)
 .vector_12     0x9fc01380        0x8 c:/program files (x86)/microchip/xc32/v2.10/bin/bin/../../lib/gcc/pic32mx/4.8.3/../../../../pic32mx/lib\libpic32.a(vector12.o)
                0x9fc01380                __vector_dispatch_12
                0x00000001                ASSERT (((_vector_spacing == 0x0) || (SIZEOF (.vector_12) <= (_vector_spacing << 0x5))), function at exception vector 12 too large)

.vector_13      0x9fc013a0        0x8
 *(.vector_13)
 .vector_13     0x9fc013a0        0x8 c:/program files (x86)/microchip/xc32/v2.10/bin/bin/../../lib/gcc/pic32mx/4.8.3/../../../../pic32mx/lib\libpic32.a(vector13.o)
                0x9fc013a0                __vector_dispatch_13
                0x00000001                ASSERT (((_vector_spacing == 0x0) || (SIZEOF (.vector_13) <= (_vector_spacing << 0x5))), function at exception vector 13 too large)

.vector_14      0x9fc013c0        0x8
 *(.vector_14)
 .vector_14     0x9fc013c0        0x8 c:/program files (x86)/microchip/xc32/v2.10/bin/bin/../../lib/gcc/pic32mx/4.8.3/../../../../pic32mx/lib\libpic32.a(vector14.o)
                0x9fc013c0                __vector_dispatch_14
                0x00000001                ASSERT (((_vector_spacing == 0x0) || (SIZEOF (.vector_14) <= (_vector_spacing << 0x5))), function at exception vector 14 too large)

.vector_15      0x9fc013e0        0x8
 *(.vector_15)
 .vector_15     0x9fc013e0        0x8 c:/program files (x86)/microchip/xc32/v2.10/bin/bin/../../lib/gcc/pic32mx/4.8.3/../../../../pic32mx/lib\libpic32.a(vector15.o)
                0x9fc013e0                __vector_dispatch_15
                0x00000001                ASSERT (((_vector_spacing == 0x0) || (SIZEOF (.vector_15) <= (_vector_spacing << 0x5))), function at exception vector 15 too large)

.vector_16      0x9fc01400        0x8
 *(.vector_16)
 .vector_16     0x9fc01400        0x8 c:/program files (x86)/microchip/xc32/v2.10/bin/bin/../../lib/gcc/pic32mx/4.8.3/../../../../pic32mx/lib\libpic32.a(vector16.o)
                0x9fc01400                __vector_dispatch_16
                0x00000001                ASSERT (((_vector_spacing == 0x0) || (SIZEOF (.vector_16) <= (_vector_spacing << 0x5))), function at exception vector 16 too large)

.vector_17      0x9fc01420        0x8
 *(.vector_17)
 .vector_17     0x9fc01420        0x8 c:/program files (x86)/microchip/xc32/v2.10/bin/bin/../../lib/gcc/pic32mx/4.8.3/../../../../pic32mx/lib\libpic32.a(vector17.o)
                0x9fc01420                __vector_dispatch_17
                0x00000001                ASSERT (((_vector_spacing == 0x0) || (SIZEOF (.vector_17) <= (_vector_spacing << 0x5))), function at exception vector 17 too large)

.vector_18      0x9fc01440        0x8
 *(.vector_18)
 .vector_18     0x9fc01440        0x8 c:/program files (x86)/microchip/xc32/v2.10/bin/bin/../../lib/gcc/pic32mx/4.8.3/../../../../pic32mx/lib\libpic32.a(vector18.o)
                0x9fc01440                __vector_dispatch_18
                0x00000001                ASSERT (((_vector_spacing == 0x0) || (SIZEOF (.vector_18) <= (_vector_spacing << 0x5))), function at exception vector 18 too large)

.vector_19      0x9fc01460        0x8
 *(.vector_19)
 .vector_19     0x9fc01460        0x8 c:/program files (x86)/microchip/xc32/v2.10/bin/bin/../../lib/gcc/pic32mx/4.8.3/../../../../pic32mx/lib\libpic32.a(vector19.o)
                0x9fc01460                __vector_dispatch_19
                0x00000001                ASSERT (((_vector_spacing == 0x0) || (SIZEOF (.vector_19) <= (_vector_spacing << 0x5))), function at exception vector 19 too large)

.vector_20      0x9fc01480        0x8
 *(.vector_20)
 .vector_20     0x9fc01480        0x8 c:/program files (x86)/microchip/xc32/v2.10/bin/bin/../../lib/gcc/pic32mx/4.8.3/../../../../pic32mx/lib\libpic32.a(vector20.o)
                0x9fc01480                __vector_dispatch_20
                0x00000001                ASSERT (((_vector_spacing == 0x0) || (SIZEOF (.vector_20) <= (_vector_spacing << 0x5))), function at exception vector 20 too large)

.vector_21      0x9fc014a0        0x8
 *(.vector_21)
 .vector_21     0x9fc014a0        0x8 c:/program files (x86)/microchip/xc32/v2.10/bin/bin/../../lib/gcc/pic32mx/4.8.3/../../../../pic32mx/lib\libpic32.a(vector21.o)
                0x9fc014a0                __vector_dispatch_21
                0x00000001                ASSERT (((_vector_spacing == 0x0) || (SIZEOF (.vector_21) <= (_vector_spacing << 0x5))), function at exception vector 21 too large)

.vector_22      0x9fc014c0        0x8
 *(.vector_22)
 .vector_22     0x9fc014c0        0x8 c:/program files (x86)/microchip/xc32/v2.10/bin/bin/../../lib/gcc/pic32mx/4.8.3/../../../../pic32mx/lib\libpic32.a(vector22.o)
                0x9fc014c0                __vector_dispatch_22
                0x00000001                ASSERT (((_vector_spacing == 0x0) || (SIZEOF (.vector_22) <= (_vector_spacing << 0x5))), function at exception vector 22 too large)

.vector_23      0x9fc014e0        0x8
 *(.vector_23)
 .vector_23     0x9fc014e0        0x8 c:/program files (x86)/microchip/xc32/v2.10/bin/bin/../../lib/gcc/pic32mx/4.8.3/../../../../pic32mx/lib\libpic32.a(vector23.o)
                0x9fc014e0                __vector_dispatch_23
                0x00000001                ASSERT (((_vector_spacing == 0x0) || (SIZEOF (.vector_23) <= (_vector_spacing << 0x5))), function at exception vector 23 too large)

.vector_24      0x9fc01500        0x8
 *(.vector_24)
 .vector_24     0x9fc01500        0x8 c:/program files (x86)/microchip/xc32/v2.10/bin/bin/../../lib/gcc/pic32mx/4.8.3/../../../../pic32mx/lib\libpic32.a(vector24.o)
                0x9fc01500                __vector_dispatch_24
                0x00000001                ASSERT (((_vector_spacing == 0x0) || (SIZEOF (.vector_24) <= (_vector_spacing << 0x5))), function at exception vector 24 too large)

.vector_25      0x9fc01520        0x8
 *(.vector_25)
 .vector_25     0x9fc01520        0x8 c:/program files (x86)/microchip/xc32/v2.10/bin/bin/../../lib/gcc/pic32mx/4.8.3/../../../../pic32mx/lib\libpic32.a(vector25.o)
                0x9fc01520                __vector_dispatch_25
                0x00000001                ASSERT (((_vector_spacing == 0x0) || (SIZEOF (.vector_25) <= (_vector_spacing << 0x5))), function at exception vector 25 too large)

.vector_26      0x9fc01540        0x8
 *(.vector_26)
 .vector_26     0x9fc01540        0x8 c:/program files (x86)/microchip/xc32/v2.10/bin/bin/../../lib/gcc/pic32mx/4.8.3/../../../../pic32mx/lib\libpic32.a(vector26.o)
                0x9fc01540                __vector_dispatch_26
                0x00000001                ASSERT (((_vector_spacing == 0x0) || (SIZEOF (.vector_26) <= (_vector_spacing << 0x5))), function at exception vector 26 too large)

.vector_27      0x9fc01560        0x8
 *(.vector_27)
 .vector_27     0x9fc01560        0x8 c:/program files (x86)/microchip/xc32/v2.10/bin/bin/../../lib/gcc/pic32mx/4.8.3/../../../../pic32mx/lib\libpic32.a(vector27.o)
                0x9fc01560                __vector_dispatch_27
                0x00000001                ASSERT (((_vector_spacing == 0x0) || (SIZEOF (.vector_27) <= (_vector_spacing << 0x5))), function at exception vector 27 too large)

.vector_28      0x9fc01580        0x8
 *(.vector_28)
 .vector_28     0x9fc01580        0x8 c:/program files (x86)/microchip/xc32/v2.10/bin/bin/../../lib/gcc/pic32mx/4.8.3/../../../../pic32mx/lib\libpic32.a(vector28.o)
                0x9fc01580                __vector_dispatch_28
                0x00000001                ASSERT (((_vector_spacing == 0x0) || (SIZEOF (.vector_28) <= (_vector_spacing << 0x5))), function at exception vector 28 too large)

.vector_29      0x9fc015a0        0x8
 *(.vector_29)
 .vector_29     0x9fc015a0        0x8 c:/program files (x86)/microchip/xc32/v2.10/bin/bin/../../lib/gcc/pic32mx/4.8.3/../../../../pic32mx/lib\libpic32.a(vector29.o)
                0x9fc015a0                __vector_dispatch_29
                0x00000001                ASSERT (((_vector_spacing == 0x0) || (SIZEOF (.vector_29) <= (_vector_spacing << 0x5))), function at exception vector 29 too large)

.vector_30      0x9fc015c0        0x8
 *(.vector_30)
 .vector_30     0x9fc015c0        0x8 c:/program files (x86)/microchip/xc32/v2.10/bin/bin/../../lib/gcc/pic32mx/4.8.3/../../../../pic32mx/lib\libpic32.a(vector30.o)
                0x9fc015c0                __vector_dispatch_30
                0x00000001                ASSERT (((_vector_spacing == 0x0) || (SIZEOF (.vector_30) <= (_vector_spacing << 0x5))), function at exception vector 30 too large)

.vector_31      0x9fc015e0        0x8
 *(.vector_31)
 .vector_31     0x9fc015e0        0x8 c:/program files (x86)/microchip/xc32/v2.10/bin/bin/../../lib/gcc/pic32mx/4.8.3/../../../../pic32mx/lib\libpic32.a(vector31.o)
                0x9fc015e0                __vector_dispatch_31
                0x00000001                ASSERT (((_vector_spacing == 0x0) || (SIZEOF (.vector_31) <= (_vector_spacing << 0x5))), function at exception vector 31 too large)

.vector_32      0x9fc01600        0x8
 *(.vector_32)
 .vector_32     0x9fc01600        0x8 c:/program files (x86)/microchip/xc32/v2.10/bin/bin/../../lib/gcc/pic32mx/4.8.3/../../../../pic32mx/lib\libpic32.a(vector32.o)
                0x9fc01600                __vector_dispatch_32
                0x00000001                ASSERT (((_vector_spacing == 0x0) || (SIZEOF (.vector_32) <= (_vector_spacing << 0x5))), function at exception vector 32 too large)

.vector_33      0x9fc01620        0x8
 *(.vector_33)
 .vector_33     0x9fc01620        0x8 c:/program files (x86)/microchip/xc32/v2.10/bin/bin/../../lib/gcc/pic32mx/4.8.3/../../../../pic32mx/lib\libpic32.a(vector33.o)
                0x9fc01620                __vector_dispatch_33
                0x00000001                ASSERT (((_vector_spacing == 0x0) || (SIZEOF (.vector_33) <= (_vector_spacing << 0x5))), function at exception vector 33 too large)

.vector_34      0x9fc01640        0x8
 *(.vector_34)
 .vector_34     0x9fc01640        0x8 c:/program files (x86)/microchip/xc32/v2.10/bin/bin/../../lib/gcc/pic32mx/4.8.3/../../../../pic32mx/lib\libpic32.a(vector34.o)
                0x9fc01640                __vector_dispatch_34
                0x00000001                ASSERT (((_vector_spacing == 0x0) || (SIZEOF (.vector_34) <= (_vector_spacing << 0x5))), function at exception vector 34 too large)

.vector_35      0x9fc01660        0x8
 *(.vector_35)
 .vector_35     0x9fc01660        0x8 c:/program files (x86)/microchip/xc32/v2.10/bin/bin/../../lib/gcc/pic32mx/4.8.3/../../../../pic32mx/lib\libpic32.a(vector35.o)
                0x9fc01660                __vector_dispatch_35
                0x00000001                ASSERT (((_vector_spacing == 0x0) || (SIZEOF (.vector_35) <= (_vector_spacing << 0x5))), function at exception vector 35 too large)

.vector_36      0x9fc01680        0x8
 *(.vector_36)
 .vector_36     0x9fc01680        0x8 c:/program files (x86)/microchip/xc32/v2.10/bin/bin/../../lib/gcc/pic32mx/4.8.3/../../../../pic32mx/lib\libpic32.a(vector36.o)
                0x9fc01680                __vector_dispatch_36
                0x00000001                ASSERT (((_vector_spacing == 0x0) || (SIZEOF (.vector_36) <= (_vector_spacing << 0x5))), function at exception vector 36 too large)

.vector_37      0x9fc016a0        0x8
 *(.vector_37)
 .vector_37     0x9fc016a0        0x8 c:/program files (x86)/microchip/xc32/v2.10/bin/bin/../../lib/gcc/pic32mx/4.8.3/../../../../pic32mx/lib\libpic32.a(vector37.o)
                0x9fc016a0                __vector_dispatch_37
                0x00000001                ASSERT (((_vector_spacing == 0x0) || (SIZEOF (.vector_37) <= (_vector_spacing << 0x5))), function at exception vector 37 too large)

.vector_38      0x9fc016c0        0x8
 *(.vector_38)
 .vector_38     0x9fc016c0        0x8 c:/program files (x86)/microchip/xc32/v2.10/bin/bin/../../lib/gcc/pic32mx/4.8.3/../../../../pic32mx/lib\libpic32.a(vector38.o)
                0x9fc016c0                __vector_dispatch_38
                0x00000001                ASSERT (((_vector_spacing == 0x0) || (SIZEOF (.vector_38) <= (_vector_spacing << 0x5))), function at exception vector 38 too large)

.vector_39      0x9fc016e0        0x8
 *(.vector_39)
 .vector_39     0x9fc016e0        0x8 c:/program files (x86)/microchip/xc32/v2.10/bin/bin/../../lib/gcc/pic32mx/4.8.3/../../../../pic32mx/lib\libpic32.a(vector39.o)
                0x9fc016e0                __vector_dispatch_39
                0x00000001                ASSERT (((_vector_spacing == 0x0) || (SIZEOF (.vector_39) <= (_vector_spacing << 0x5))), function at exception vector 39 too large)

.vector_40      0x9fc01700        0x8
 *(.vector_40)
 .vector_40     0x9fc01700        0x8 c:/program files (x86)/microchip/xc32/v2.10/bin/bin/../../lib/gcc/pic32mx/4.8.3/../../../../pic32mx/lib\libpic32.a(vector40.o)
                0x9fc01700                __vector_dispatch_40
                0x00000001                ASSERT (((_vector_spacing == 0x0) || (SIZEOF (.vector_40) <= (_vector_spacing << 0x5))), function at exception vector 40 too large)

.vector_41      0x9fc01720        0x8
 *(.vector_41)
 .vector_41     0x9fc01720        0x8 c:/program files (x86)/microchip/xc32/v2.10/bin/bin/../../lib/gcc/pic32mx/4.8.3/../../../../pic32mx/lib\libpic32.a(vector41.o)
                0x9fc01720                __vector_dispatch_41
                0x00000001                ASSERT (((_vector_spacing == 0x0) || (SIZEOF (.vector_41) <= (_vector_spacing << 0x5))), function at exception vector 41 too large)

.vector_42      0x9fc01740        0x8
 *(.vector_42)
 .vector_42     0x9fc01740        0x8 c:/program files (x86)/microchip/xc32/v2.10/bin/bin/../../lib/gcc/pic32mx/4.8.3/../../../../pic32mx/lib\libpic32.a(vector42.o)
                0x9fc01740                __vector_dispatch_42
                0x00000001                ASSERT (((_vector_spacing == 0x0) || (SIZEOF (.vector_42) <= (_vector_spacing << 0x5))), function at exception vector 42 too large)

.vector_43      0x9fc01760        0x8
 *(.vector_43)
 .vector_43     0x9fc01760        0x8 c:/program files (x86)/microchip/xc32/v2.10/bin/bin/../../lib/gcc/pic32mx/4.8.3/../../../../pic32mx/lib\libpic32.a(vector43.o)
                0x9fc01760                __vector_dispatch_43
                0x00000001                ASSERT (((_vector_spacing == 0x0) || (SIZEOF (.vector_43) <= (_vector_spacing << 0x5))), function at exception vector 43 too large)

.vector_44      0x9fc01780        0x8
 *(.vector_44)
 .vector_44     0x9fc01780        0x8 c:/program files (x86)/microchip/xc32/v2.10/bin/bin/../../lib/gcc/pic32mx/4.8.3/../../../../pic32mx/lib\libpic32.a(vector44.o)
                0x9fc01780                __vector_dispatch_44
                0x00000001                ASSERT (((_vector_spacing == 0x0) || (SIZEOF (.vector_44) <= (_vector_spacing << 0x5))), function at exception vector 44 too large)

.vector_45      0x9fc017a0        0x8
 *(.vector_45)
 .vector_45     0x9fc017a0        0x8 c:/program files (x86)/microchip/xc32/v2.10/bin/bin/../../lib/gcc/pic32mx/4.8.3/../../../../pic32mx/lib\libpic32.a(vector45.o)
                0x9fc017a0                __vector_dispatch_45
                0x00000001                ASSERT (((_vector_spacing == 0x0) || (SIZEOF (.vector_45) <= (_vector_spacing << 0x5))), function at exception vector 45 too large)

.vector_46      0x9fc017c0        0x8
 *(.vector_46)
 .vector_46     0x9fc017c0        0x8 c:/program files (x86)/microchip/xc32/v2.10/bin/bin/../../lib/gcc/pic32mx/4.8.3/../../../../pic32mx/lib\libpic32.a(vector46.o)
                0x9fc017c0                __vector_dispatch_46
                0x00000001                ASSERT (((_vector_spacing == 0x0) || (SIZEOF (.vector_46) <= (_vector_spacing << 0x5))), function at exception vector 46 too large)

.vector_47      0x9fc017e0        0x8
 *(.vector_47)
 .vector_47     0x9fc017e0        0x8 c:/program files (x86)/microchip/xc32/v2.10/bin/bin/../../lib/gcc/pic32mx/4.8.3/../../../../pic32mx/lib\libpic32.a(vector47.o)
                0x9fc017e0                __vector_dispatch_47
                0x00000001                ASSERT (((_vector_spacing == 0x0) || (SIZEOF (.vector_47) <= (_vector_spacing << 0x5))), function at exception vector 47 too large)

.vector_48      0x9fc01800        0x8
 *(.vector_48)
 .vector_48     0x9fc01800        0x8 c:/program files (x86)/microchip/xc32/v2.10/bin/bin/../../lib/gcc/pic32mx/4.8.3/../../../../pic32mx/lib\libpic32.a(vector48.o)
                0x9fc01800                __vector_dispatch_48
                0x00000001                ASSERT (((_vector_spacing == 0x0) || (SIZEOF (.vector_48) <= (_vector_spacing << 0x5))), function at exception vector 48 too large)

.vector_49      0x9fc01820        0x8
 *(.vector_49)
 .vector_49     0x9fc01820        0x8 c:/program files (x86)/microchip/xc32/v2.10/bin/bin/../../lib/gcc/pic32mx/4.8.3/../../../../pic32mx/lib\libpic32.a(vector49.o)
                0x9fc01820                __vector_dispatch_49
                0x00000001                ASSERT (((_vector_spacing == 0x0) || (SIZEOF (.vector_49) <= (_vector_spacing << 0x5))), function at exception vector 49 too large)

.vector_50      0x9fc01840        0x8
 *(.vector_50)
 .vector_50     0x9fc01840        0x8 c:/program files (x86)/microchip/xc32/v2.10/bin/bin/../../lib/gcc/pic32mx/4.8.3/../../../../pic32mx/lib\libpic32.a(vector50.o)
                0x9fc01840                __vector_dispatch_50
                0x00000001                ASSERT (((_vector_spacing == 0x0) || (SIZEOF (.vector_50) <= (_vector_spacing << 0x5))), function at exception vector 50 too large)

.vector_51      0x9fc01860        0x8
 *(.vector_51)
 .vector_51     0x9fc01860        0x8 c:/program files (x86)/microchip/xc32/v2.10/bin/bin/../../lib/gcc/pic32mx/4.8.3/../../../../pic32mx/lib\libpic32.a(vector51.o)
                0x9fc01860                __vector_dispatch_51
                0x00000001                ASSERT (((_vector_spacing == 0x0) || (SIZEOF (.vector_51) <= (_vector_spacing << 0x5))), function at exception vector 51 too large)

.vector_52      0x9fc01880        0x0
 *(.vector_52)
                0x00000001                ASSERT (((_vector_spacing == 0x0) || (SIZEOF (.vector_52) <= (_vector_spacing << 0x5))), function at exception vector 52 too large)

.vector_53      0x9fc018a0        0x0
 *(.vector_53)
                0x00000001                ASSERT (((_vector_spacing == 0x0) || (SIZEOF (.vector_53) <= (_vector_spacing << 0x5))), function at exception vector 53 too large)

.vector_54      0x9fc018c0        0x0
 *(.vector_54)
                0x00000001                ASSERT (((_vector_spacing == 0x0) || (SIZEOF (.vector_54) <= (_vector_spacing << 0x5))), function at exception vector 54 too large)

.vector_55      0x9fc018e0        0x0
 *(.vector_55)
                0x00000001                ASSERT (((_vector_spacing == 0x0) || (SIZEOF (.vector_55) <= (_vector_spacing << 0x5))), function at exception vector 55 too large)

.vector_56      0x9fc01900        0x0
 *(.vector_56)
                0x00000001                ASSERT (((_vector_spacing == 0x0) || (SIZEOF (.vector_56) <= (_vector_spacing << 0x5))), function at exception vector 56 too large)

.vector_57      0x9fc01920        0x0
 *(.vector_57)
                0x00000001                ASSERT (((_vector_spacing == 0x0) || (SIZEOF (.vector_57) <= (_vector_spacing << 0x5))), function at exception vector 57 too large)

.vector_58      0x9fc01940        0x0
 *(.vector_58)
                0x00000001                ASSERT (((_vector_spacing == 0x0) || (SIZEOF (.vector_58) <= (_vector_spacing << 0x5))), function at exception vector 58 too large)

.vector_59      0x9fc01960        0x0
 *(.vector_59)
                0x00000001                ASSERT (((_vector_spacing == 0x0) || (SIZEOF (.vector_59) <= (_vector_spacing << 0x5))), function at exception vector 59 too large)

.vector_60      0x9fc01980        0x0
 *(.vector_60)
                0x00000001                ASSERT (((_vector_spacing == 0x0) || (SIZEOF (.vector_60) <= (_vector_spacing << 0x5))), function at exception vector 60 too large)

.vector_61      0x9fc019a0        0x0
 *(.vector_61)
                0x00000001                ASSERT (((_vector_spacing == 0x0) || (SIZEOF (.vector_61) <= (_vector_spacing << 0x5))), function at exception vector 61 too large)

.vector_62      0x9fc019c0        0x0
 *(.vector_62)
                0x00000001                ASSERT (((_vector_spacing == 0x0) || (SIZEOF (.vector_62) <= (_vector_spacing << 0x5))), function at exception vector 62 too large)

.vector_63      0x9fc019e0        0x0
 *(.vector_63)
                0x00000001                ASSERT (((_vector_spacing == 0x0) || (SIZEOF (.vector_63) <= (_vector_spacing << 0x5))), function at exception vector 63 too large)

.startup
 *(.startup)

.text           0x9d000000        0x0
 *(.stub .gnu.linkonce.t.*)
 *(.text.*personality*)
 *(.mips16.fn.*)
 *(.mips16.call.*)
 *(.gnu.warning)
                0x9d000000                . = ALIGN (0x4)

.init           0x9d000000        0x0
 *crti.o(.init)
 *crtbegin.o(.init)
 *(EXCLUDE_FILE(*crtn.o *crtend?.o *crtend.o) .init)
 *crtend.o(.init)
 *crtn.o(.init)
                0x9d000000                . = ALIGN (0x4)

.fini           0x9d000000        0x0
 *(.fini)
                0x9d000000                . = ALIGN (0x4)

.preinit_array  0x9d000000        0x0
                0x9d000000                PROVIDE (__preinit_array_start, .)
 *(.preinit_array)
                0x9d000000                PROVIDE (__preinit_array_end, .)
                0x9d000000                . = ALIGN (0x4)

.init_array     0x9d000000        0x0
                0x9d000000                PROVIDE (__init_array_start, .)
 *(SORT(.init_array.*))
 *(.init_array)
                0x9d000000                PROVIDE (__init_array_end, .)
                0x9d000000                . = ALIGN (0x4)

.fini_array     0x9d000000        0x0
                0x9d000000                PROVIDE (__fini_array_start, .)
 *(SORT(.fini_array.*))
 *(.fini_array)
                0x9d000000                PROVIDE (__fini_array_end, .)
                0x9d000000                . = ALIGN (0x4)

.ctors          0x9d000000        0x0
 *crtbegin.o(.ctors)
 *crtbegin?.o(.ctors)
 *(EXCLUDE_FILE(*crtend?.o *crtend.o) .ctors)
 *(SORT(.ctors.*))
 *(.ctors)
                0x9d000000                . = ALIGN (0x4)

.dtors          0x9d000000        0x0
 *crtbegin.o(.dtors)
 *crtbegin?.o(.dtors)
 *(EXCLUDE_FILE(*crtend?.o *crtend.o) .dtors)
 *(SORT(.dtors.*))
 *(.dtors)
                0x9d000000                . = ALIGN (0x4)

.rodata         0x9d000000        0x0
 *(.gnu.linkonce.r.*)
 *(.rodata1)
                0x9d000000                . = ALIGN (0x4)

.sdata2         0x9fc00490        0x0
 *(.sdata2 .sdata2.* .gnu.linkonce.s2.*)
                0x9fc00490                . = ALIGN (0x4)

.sbss2          0x9fc00490        0x0
 *(.sbss2 .sbss2.* .gnu.linkonce.sb2.*)
                0x9fc00490                . = ALIGN (0x4)

.eh_frame_hdr
 *(.eh_frame_hdr)
                0x9fc00490                . = ALIGN (0x4)

.eh_frame
 *(.eh_frame)
                0x9fc00490                . = ALIGN (0x4)

.gcc_except_table
 *(.gcc_except_table .gcc_except_table.*)
                0x9fc00490                . = ALIGN (0x4)

.dbg_data       0xa0000200        0x0
                0xa0000200                . = (. + DEFINED (_DEBUGGER)?0x200:0x0)

.jcr            0xa0000200        0x0
 *(.jcr)
                0xa0000200                . = ALIGN (0x4)

.eh_frame
 *(.eh_frame)
                0xa0000200                . = ALIGN (0x4)

.gcc_except_table
 *(.gcc_except_table .gcc_except_table.*)
                0xa0000200                . = ALIGN (0x4)

.persist        0xa0000200        0x0
                0xa0000200                _persist_begin = .
 *(.persist .persist.*)
 *(.pbss .pbss.*)
                0xa0000200                . = ALIGN (0x4)
                0xa0000200                _persist_end = .

.data           0xa0000200        0x0
 *(.gnu.linkonce.d.*)
 *(.data1)
                0xa0000200                . = ALIGN (0x4)
                0xa0000200                . = .
                0xa00081f0                _gp = (ALIGN (0x10) + 0x7ff0)

.got            0xa0000200        0x0
 *(.got.plt)
 *(.got)
                0xa0000200                . = ALIGN (0x4)

.sdata          0xa0000200        0x4
                0xa0000200                _sdata_begin = .
 *(.sdata .sdata.* .gnu.linkonce.s.*)
 .sdata         0xa0000200        0x4 build/default/debug/_ext/1671281964/port.o
                0xa0000200                uxInterruptNesting
                0xa0000204                . = ALIGN (0x4)
                0xa0000204                _sdata_end = .

.lit8
 *(.lit8)

.lit4
 *(.lit4)
                0xa0000204                . = ALIGN (0x4)
                0xa0000204                _data_end = .
                0xa0000204                _bss_begin = .

.sbss           0xa0000204       0x64
                0xa0000204                _sbss_begin = .
 *(.dynsbss)
 *(.sbss .sbss.* .gnu.linkonce.sb.*)
 .sbss          0xa0000204       0x34 build/default/debug/_ext/1755465438/tasks.o
                0xa0000204                uxSchedulerSuspended
                0xa0000208                xIdleTaskHandle
                0xa000020c                xNextTaskUnblockTime
                0xa0000210                uxTaskNumber
                0xa0000214                xNumOfOverflows
                0xa0000218                xYieldPending
                0xa000021c                uxPendedTicks
                0xa0000220                xSchedulerRunning
                0xa0000224                uxTopReadyPriority
                0xa0000228                xTickCount
                0xa000022c                uxCurrentNumberOfTasks
                0xa0000230                uxDeletedTasksWaitingCleanUp
                0xa0000234                pxCurrentTCB
 .sbss          0xa0000238        0x8 build/default/debug/_ext/1294454783/heap_1.o
 .sbss          0xa0000240        0x4 build/default/debug/_ext/1671281964/port.o
                0xa0000240                uxSavedTaskStackPointer
 .sbss          0xa0000244        0x1 build/default/debug/_ext/1407244131/drv_tmr_static.o
 *fill*         0xa0000245        0x3 
 .sbss          0xa0000248        0xc build/default/debug/_ext/1688732426/system_exceptions.o
 *(.scommon)
 .scommon       0xa0000254        0x8 build/default/debug/_ext/1755465438/tasks.o
                0xa0000254                pxDelayedTaskList
                0xa0000258                pxOverflowDelayedTaskList
 .scommon       0xa000025c        0x8 build/default/debug/_ext/340578644/sys_devcon.o
                0xa000025c                sysDevconObj
 .scommon       0xa0000264        0x4 build/default/debug/_ext/1688732426/system_init.o
                0xa0000264                sysObj
                0xa0000268                _sbss_end = .
                0xa0000268                . = ALIGN (0x4)

.bss            0xa0000268       0xc8
 *(.dynbss)
 *(COMMON)
 COMMON         0xa0000268       0xc8 build/default/debug/_ext/1755465438/tasks.o
                0xa0000268                pxReadyTasksLists
                0xa00002cc                xPendingReadyList
                0xa00002e0                xTasksWaitingTermination
                0xa00002f4                xSuspendedTaskList
                0xa0000308                xDelayedTaskList2
                0xa000031c                xDelayedTaskList1
                0xa0000330                . = ALIGN ((. != 0x0)?0x4:0x1)
                0xa0000330                . = ALIGN (0x4)
                0xa0000330                _end = .
                0xa0000330                _bss_end = .
                0x00020000                _bmxdudba_address = 0x20000
                0x00020000                _bmxdupba_address = 0x20000

/DISCARD/
 *(.pdr)
 *(.rel.dyn)
 *(.note.GNU-stack)
 *(.note.GNU-stack)
 *(.gnu_debuglink)
 *(.gnu.lto_*)
 *(.discard)

.gptab.sdata
 *(.gptab.data)
 *(.gptab.sdata)

.gptab.sbss
 *(.gptab.bss)
 *(.gptab.sbss)

.mdebug.abi32   0xa0000330        0x0
 *(.mdebug.abi32)
 .mdebug.abi32  0xa0000330        0x0 c:/program files (x86)/microchip/xc32/v2.10/bin/bin/../../lib/gcc/pic32mx/4.8.3/../../../../pic32mx/lib\software-debug-break.o
 .mdebug.abi32  0xa0000330        0x0 build/default/debug/_ext/1360937237/appThread.o
 .mdebug.abi32  0xa0000330        0x0 build/default/debug/_ext/1360937237/main.o
 .mdebug.abi32  0xa0000330        0x0 build/default/debug/_ext/1360937237/debug.o
 .mdebug.abi32  0xa0000330        0x0 build/default/debug/_ext/1360937237/sensor_queue.o
 .mdebug.abi32  0xa0000330        0x0 build/default/debug/_ext/1360937237/sensor_state.o
 .mdebug.abi32  0xa0000330        0x0 build/default/debug/_ext/685969283/osal_freertos.o
 .mdebug.abi32  0xa0000330        0x0 build/default/debug/_ext/1872847683/sys_int_pic32.o
 .mdebug.abi32  0xa0000330        0x0 build/default/debug/_ext/1755465438/croutine.o
 .mdebug.abi32  0xa0000330        0x0 build/default/debug/_ext/1755465438/list.o
 .mdebug.abi32  0xa0000330        0x0 build/default/debug/_ext/1755465438/queue.o
 .mdebug.abi32  0xa0000330        0x0 build/default/debug/_ext/1755465438/tasks.o
 .mdebug.abi32  0xa0000330        0x0 build/default/debug/_ext/1755465438/timers.o
 .mdebug.abi32  0xa0000330        0x0 build/default/debug/_ext/1755465438/event_groups.o
 .mdebug.abi32  0xa0000330        0x0 build/default/debug/_ext/1755465438/stream_buffer.o
 .mdebug.abi32  0xa0000330        0x0 build/default/debug/_ext/1294454783/heap_1.o
 .mdebug.abi32  0xa0000330        0x0 build/default/debug/_ext/1671281964/port.o
 .mdebug.abi32  0xa0000330        0x0 build/default/debug/_ext/1361460060/drv_adc_static.o
 .mdebug.abi32  0xa0000330        0x0 build/default/debug/_ext/1407244131/drv_tmr_static.o
 .mdebug.abi32  0xa0000330        0x0 build/default/debug/_ext/1407244131/drv_tmr_mapping.o
 .mdebug.abi32  0xa0000330        0x0 build/default/debug/_ext/639803181/sys_clk_pic32mx.o
 .mdebug.abi32  0xa0000330        0x0 build/default/debug/_ext/340578644/sys_devcon.o
 .mdebug.abi32  0xa0000330        0x0 build/default/debug/_ext/340578644/sys_devcon_pic32mx.o
 .mdebug.abi32  0xa0000330        0x0 build/default/debug/_ext/822048611/sys_ports_static.o
 .mdebug.abi32  0xa0000330        0x0 build/default/debug/_ext/74298950/bsp.o
 .mdebug.abi32  0xa0000330        0x0 build/default/debug/_ext/1688732426/system_init.o
 .mdebug.abi32  0xa0000330        0x0 build/default/debug/_ext/1688732426/system_interrupt.o
 .mdebug.abi32  0xa0000330        0x0 build/default/debug/_ext/1688732426/system_exceptions.o
 .mdebug.abi32  0xa0000330        0x0 build/default/debug/_ext/1688732426/system_tasks.o
 .mdebug.abi32  0xa0000330        0x0 build/default/debug/_ext/1688732426/rtos_hooks.o
 .mdebug.abi32  0xa0000330        0x0 c:/program files (x86)/microchip/xc32/v2.10/bin/bin/../../lib/gcc/pic32mx/4.8.3/../../../../pic32mx/lib\libpic32.a(default-bootstrap-exception-handler.o)
 .mdebug.abi32  0xa0000330        0x0 c:/program files (x86)/microchip/xc32/v2.10/bin/bin/../../lib/gcc/pic32mx/4.8.3/../../../../pic32mx/lib\libpic32.a(default-on-reset.o)
 .mdebug.abi32  0xa0000330        0x0 c:/program files (x86)/microchip/xc32/v2.10/bin/bin/../../lib/gcc/pic32mx/4.8.3/../../../../pic32mx/lib\libpic32.a(default-on-bootstrap.o)
 .mdebug.abi32  0xa0000330        0x0 c:/program files (x86)/microchip/xc32/v2.10/bin/bin/../../lib/gcc/pic32mx/4.8.3/../../../../pic32mx/lib\libpic32.a(defaultinterrupt.o)

.mdebug.abiN32
 *(.mdebug.abiN32)

.mdebug.abi64
 *(.mdebug.abi64)

.mdebug.abiO64
 *(.mdebug.abiO64)

.mdebug.eabi32
 *(.mdebug.eabi32)

.mdebug.eabi64
 *(.mdebug.eabi64)

.gcc_compiled_long32
 *(.gcc_compiled_long32)

.gcc_compiled_long64
 *(.gcc_compiled_long64)

.stab
 *(.stab)

.stabstr
 *(.stabstr)

.stab.excl
 *(.stab.excl)

.stab.exclstr
 *(.stab.exclstr)

.stab.index
 *(.stab.index)

.stab.indexstr
 *(.stab.indexstr)

.comment        0x00000000       0x54
 *(.comment)
 .comment       0x00000000       0x3c c:/program files (x86)/microchip/xc32/v2.10/bin/bin/../../lib/gcc/pic32mx/4.8.3/../../../../pic32mx/lib\software-debug-break.o
                                 0x3d (size before relaxing)
 .comment       0x00000000       0x3d build/default/debug/_ext/1360937237/appThread.o
 .comment       0x00000000       0x3d build/default/debug/_ext/1360937237/main.o
 .comment       0x00000000       0x3d build/default/debug/_ext/1360937237/debug.o
 .comment       0x00000000       0x3d build/default/debug/_ext/1360937237/sensor_queue.o
 .comment       0x00000000       0x3d build/default/debug/_ext/1360937237/sensor_state.o
 .comment       0x00000000       0x3d build/default/debug/_ext/685969283/osal_freertos.o
 .comment       0x00000000       0x3d build/default/debug/_ext/1872847683/sys_int_pic32.o
 .comment       0x00000000       0x3d build/default/debug/_ext/1755465438/croutine.o
 .comment       0x00000000       0x3d build/default/debug/_ext/1755465438/list.o
 .comment       0x00000000       0x3d build/default/debug/_ext/1755465438/queue.o
 .comment       0x00000000       0x3d build/default/debug/_ext/1755465438/tasks.o
 .comment       0x00000000       0x3d build/default/debug/_ext/1755465438/timers.o
 .comment       0x00000000       0x3d build/default/debug/_ext/1755465438/event_groups.o
 .comment       0x00000000       0x3d build/default/debug/_ext/1755465438/stream_buffer.o
 .comment       0x00000000       0x3d build/default/debug/_ext/1294454783/heap_1.o
 .comment       0x00000000       0x3d build/default/debug/_ext/1671281964/port.o
 .comment       0x00000000       0x3d build/default/debug/_ext/1361460060/drv_adc_static.o
 .comment       0x00000000       0x3d build/default/debug/_ext/1407244131/drv_tmr_static.o
 .comment       0x00000000       0x3d build/default/debug/_ext/1407244131/drv_tmr_mapping.o
 .comment       0x00000000       0x3d build/default/debug/_ext/639803181/sys_clk_pic32mx.o
 .comment       0x00000000       0x3d build/default/debug/_ext/340578644/sys_devcon.o
 .comment       0x00000000       0x3d build/default/debug/_ext/340578644/sys_devcon_pic32mx.o
 .comment       0x00000000       0x3d build/default/debug/_ext/822048611/sys_ports_static.o
 .comment       0x00000000       0x3d build/default/debug/_ext/74298950/bsp.o
 .comment       0x00000000       0x3d build/default/debug/_ext/1688732426/system_init.o
 .comment       0x00000000       0x3d build/default/debug/_ext/1688732426/system_interrupt.o
 .comment       0x00000000       0x3d build/default/debug/_ext/1688732426/system_exceptions.o
 .comment       0x00000000       0x3d build/default/debug/_ext/1688732426/system_tasks.o
 .comment       0x00000000       0x3d build/default/debug/_ext/1688732426/rtos_hooks.o
 .comment       0x0000003c       0x18 c:/program files (x86)/microchip/xc32/v2.10/bin/bin/../../lib/gcc/pic32mx/4.8.3/../../../../pic32mx/lib\libpic32.a(memset.o)
                                 0x19 (size before relaxing)
 .comment       0x00000000       0x3d c:/program files (x86)/microchip/xc32/v2.10/bin/bin/../../lib/gcc/pic32mx/4.8.3/../../../../pic32mx/lib\libpic32.a(default-bootstrap-exception-handler.o)
 .comment       0x00000000       0x3d c:/program files (x86)/microchip/xc32/v2.10/bin/bin/../../lib/gcc/pic32mx/4.8.3/../../../../pic32mx/lib\libpic32.a(default-on-reset.o)
 .comment       0x00000000       0x3d c:/program files (x86)/microchip/xc32/v2.10/bin/bin/../../lib/gcc/pic32mx/4.8.3/../../../../pic32mx/lib\libpic32.a(default-on-bootstrap.o)
 .comment       0x00000000       0x3d c:/program files (x86)/microchip/xc32/v2.10/bin/bin/../../lib/gcc/pic32mx/4.8.3/../../../../pic32mx/lib\libpic32.a(defaultinterrupt.o)

.debug
 *(.debug)

.line
 *(.line)

.debug_srcinfo
 *(.debug_srcinfo)

.debug_sfnames
 *(.debug_sfnames)

.debug_aranges  0x00000000      0xbc8
 *(.debug_aranges)
 .debug_aranges
                0x00000000       0x20 c:/program files (x86)/microchip/xc32/v2.10/bin/bin/../../lib/gcc/pic32mx/4.8.3/../../../../pic32mx/lib\software-debug-break.o
 .debug_aranges
                0x00000020       0x28 build/default/debug/_ext/1360937237/appThread.o
 .debug_aranges
                0x00000048       0x20 build/default/debug/_ext/1360937237/main.o
 .debug_aranges
                0x00000068       0x88 build/default/debug/_ext/685969283/osal_freertos.o
 .debug_aranges
                0x000000f0       0x48 build/default/debug/_ext/1872847683/sys_int_pic32.o
 .debug_aranges
                0x00000138       0x18 build/default/debug/_ext/1755465438/croutine.o
 .debug_aranges
                0x00000150       0x40 build/default/debug/_ext/1755465438/list.o
 .debug_aranges
                0x00000190       0xc8 build/default/debug/_ext/1755465438/queue.o
 .debug_aranges
                0x00000258      0x1b0 build/default/debug/_ext/1755465438/tasks.o
 .debug_aranges
                0x00000408       0x18 build/default/debug/_ext/1755465438/timers.o
 .debug_aranges
                0x00000420       0x60 build/default/debug/_ext/1755465438/event_groups.o
 .debug_aranges
                0x00000480       0xb0 build/default/debug/_ext/1755465438/stream_buffer.o
 .debug_aranges
                0x00000530       0x38 build/default/debug/_ext/1294454783/heap_1.o
 .debug_aranges
                0x00000568       0x58 build/default/debug/_ext/1671281964/port.o
 .debug_aranges
                0x000005c0       0x20 build/default/debug/_ext/1671281964/port_asm.o
 .debug_aranges
                0x000005e0       0x78 build/default/debug/_ext/1361460060/drv_adc_static.o
 .debug_aranges
                0x00000658       0x90 build/default/debug/_ext/1407244131/drv_tmr_static.o
 .debug_aranges
                0x000006e8       0xe8 build/default/debug/_ext/1407244131/drv_tmr_mapping.o
 .debug_aranges
                0x000007d0       0x50 build/default/debug/_ext/639803181/sys_clk_pic32mx.o
 .debug_aranges
                0x00000820       0x78 build/default/debug/_ext/340578644/sys_devcon.o
 .debug_aranges
                0x00000898       0x20 build/default/debug/_ext/340578644/sys_devcon_pic32mx.o
 .debug_aranges
                0x000008b8      0x148 build/default/debug/_ext/822048611/sys_ports_static.o
 .debug_aranges
                0x00000a00       0x68 build/default/debug/_ext/74298950/bsp.o
 .debug_aranges
                0x00000a68       0x20 build/default/debug/_ext/1688732426/system_init.o
 .debug_aranges
                0x00000a88       0x20 build/default/debug/_ext/1688732426/system_interrupt.o
 .debug_aranges
                0x00000aa8       0x20 build/default/debug/_ext/1688732426/system_exceptions.o
 .debug_aranges
                0x00000ac8       0x30 build/default/debug/_ext/1688732426/system_tasks.o
 .debug_aranges
                0x00000af8       0x28 build/default/debug/_ext/1688732426/system_interrupt_a.o
 .debug_aranges
                0x00000b20       0x28 build/default/debug/_ext/1688732426/rtos_hooks.o
 .debug_aranges
                0x00000b48       0x20 c:/program files (x86)/microchip/xc32/v2.10/bin/bin/../../lib/gcc/pic32mx/4.8.3/../../../../pic32mx/lib\libpic32.a(default-bootstrap-exception-handler.o)
 .debug_aranges
                0x00000b68       0x20 c:/program files (x86)/microchip/xc32/v2.10/bin/bin/../../lib/gcc/pic32mx/4.8.3/../../../../pic32mx/lib\libpic32.a(default-on-reset.o)
 .debug_aranges
                0x00000b88       0x20 c:/program files (x86)/microchip/xc32/v2.10/bin/bin/../../lib/gcc/pic32mx/4.8.3/../../../../pic32mx/lib\libpic32.a(default-on-bootstrap.o)
 .debug_aranges
                0x00000ba8       0x20 c:/program files (x86)/microchip/xc32/v2.10/bin/bin/../../lib/gcc/pic32mx/4.8.3/../../../../pic32mx/lib\libpic32.a(defaultinterrupt.o)

.debug_pubnames
 *(.debug_pubnames)

.debug_info     0x00000000    0x22973
 *(.debug_info .gnu.linkonce.wi.*)
 .debug_info    0x00000000       0xe1 c:/program files (x86)/microchip/xc32/v2.10/bin/bin/../../lib/gcc/pic32mx/4.8.3/../../../../pic32mx/lib\software-debug-break.o
 .debug_info    0x000000e1      0xca4 build/default/debug/_ext/1360937237/appThread.o
 .debug_info    0x00000d85      0x1bb build/default/debug/_ext/1360937237/main.o
 .debug_info    0x00000f40      0xa6c build/default/debug/_ext/685969283/osal_freertos.o
 .debug_info    0x000019ac     0x15c2 build/default/debug/_ext/1872847683/sys_int_pic32.o
 .debug_info    0x00002f6e      0x1a2 build/default/debug/_ext/1755465438/croutine.o
 .debug_info    0x00003110      0x4aa build/default/debug/_ext/1755465438/list.o
 .debug_info    0x000035ba     0x1e23 build/default/debug/_ext/1755465438/queue.o
 .debug_info    0x000053dd     0x2a94 build/default/debug/_ext/1755465438/tasks.o
 .debug_info    0x00007e71      0x1a0 build/default/debug/_ext/1755465438/timers.o
 .debug_info    0x00008011      0xd8a build/default/debug/_ext/1755465438/event_groups.o
 .debug_info    0x00008d9b     0x173e build/default/debug/_ext/1755465438/stream_buffer.o
 .debug_info    0x0000a4d9      0x3ab build/default/debug/_ext/1294454783/heap_1.o
 .debug_info    0x0000a884     0x11d8 build/default/debug/_ext/1671281964/port.o
 .debug_info    0x0000ba5c       0xf0 build/default/debug/_ext/1671281964/port_asm.o
 .debug_info    0x0000bb4c     0x2e1d build/default/debug/_ext/1361460060/drv_adc_static.o
 .debug_info    0x0000e969     0x3dff build/default/debug/_ext/1407244131/drv_tmr_static.o
 .debug_info    0x00012768     0x1987 build/default/debug/_ext/1407244131/drv_tmr_mapping.o
 .debug_info    0x000140ef     0x14e4 build/default/debug/_ext/639803181/sys_clk_pic32mx.o
 .debug_info    0x000155d3     0x179e build/default/debug/_ext/340578644/sys_devcon.o
 .debug_info    0x00016d71     0x18d4 build/default/debug/_ext/340578644/sys_devcon_pic32mx.o
 .debug_info    0x00018645     0x4142 build/default/debug/_ext/822048611/sys_ports_static.o
 .debug_info    0x0001c787     0x1269 build/default/debug/_ext/74298950/bsp.o
 .debug_info    0x0001d9f0     0x170b build/default/debug/_ext/1688732426/system_init.o
 .debug_info    0x0001f0fb     0x14ca build/default/debug/_ext/1688732426/system_interrupt.o
 .debug_info    0x000205c5     0x121c build/default/debug/_ext/1688732426/system_exceptions.o
 .debug_info    0x000217e1      0xb0d build/default/debug/_ext/1688732426/system_tasks.o
 .debug_info    0x000222ee       0xab build/default/debug/_ext/1688732426/system_interrupt_a.o
 .debug_info    0x00022399      0x265 build/default/debug/_ext/1688732426/rtos_hooks.o
 .debug_info    0x000225fe       0xf2 c:/program files (x86)/microchip/xc32/v2.10/bin/bin/../../lib/gcc/pic32mx/4.8.3/../../../../pic32mx/lib\libpic32.a(default-bootstrap-exception-handler.o)
 .debug_info    0x000226f0       0xcb c:/program files (x86)/microchip/xc32/v2.10/bin/bin/../../lib/gcc/pic32mx/4.8.3/../../../../pic32mx/lib\libpic32.a(default-on-reset.o)
 .debug_info    0x000227bb       0xd3 c:/program files (x86)/microchip/xc32/v2.10/bin/bin/../../lib/gcc/pic32mx/4.8.3/../../../../pic32mx/lib\libpic32.a(default-on-bootstrap.o)
 .debug_info    0x0002288e       0xe5 c:/program files (x86)/microchip/xc32/v2.10/bin/bin/../../lib/gcc/pic32mx/4.8.3/../../../../pic32mx/lib\libpic32.a(defaultinterrupt.o)

.debug_abbrev   0x00000000     0x343a
 *(.debug_abbrev)
 .debug_abbrev  0x00000000       0x28 c:/program files (x86)/microchip/xc32/v2.10/bin/bin/../../lib/gcc/pic32mx/4.8.3/../../../../pic32mx/lib\software-debug-break.o
 .debug_abbrev  0x00000028      0x129 build/default/debug/_ext/1360937237/appThread.o
 .debug_abbrev  0x00000151       0x93 build/default/debug/_ext/1360937237/main.o
 .debug_abbrev  0x000001e4      0x1fe build/default/debug/_ext/685969283/osal_freertos.o
 .debug_abbrev  0x000003e2      0x251 build/default/debug/_ext/1872847683/sys_int_pic32.o
 .debug_abbrev  0x00000633       0x1b build/default/debug/_ext/1755465438/croutine.o
 .debug_abbrev  0x0000064e       0xf8 build/default/debug/_ext/1755465438/list.o
 .debug_abbrev  0x00000746      0x366 build/default/debug/_ext/1755465438/queue.o
 .debug_abbrev  0x00000aac      0x317 build/default/debug/_ext/1755465438/tasks.o
 .debug_abbrev  0x00000dc3       0x1b build/default/debug/_ext/1755465438/timers.o
 .debug_abbrev  0x00000dde      0x27d build/default/debug/_ext/1755465438/event_groups.o
 .debug_abbrev  0x0000105b      0x313 build/default/debug/_ext/1755465438/stream_buffer.o
 .debug_abbrev  0x0000136e      0x13f build/default/debug/_ext/1294454783/heap_1.o
 .debug_abbrev  0x000014ad      0x2cf build/default/debug/_ext/1671281964/port.o
 .debug_abbrev  0x0000177c       0x14 build/default/debug/_ext/1671281964/port_asm.o
 .debug_abbrev  0x00001790      0x254 build/default/debug/_ext/1361460060/drv_adc_static.o
 .debug_abbrev  0x000019e4      0x3c2 build/default/debug/_ext/1407244131/drv_tmr_static.o
 .debug_abbrev  0x00001da6      0x329 build/default/debug/_ext/1407244131/drv_tmr_mapping.o
 .debug_abbrev  0x000020cf      0x26b build/default/debug/_ext/639803181/sys_clk_pic32mx.o
 .debug_abbrev  0x0000233a      0x2af build/default/debug/_ext/340578644/sys_devcon.o
 .debug_abbrev  0x000025e9      0x20f build/default/debug/_ext/340578644/sys_devcon_pic32mx.o
 .debug_abbrev  0x000027f8      0x279 build/default/debug/_ext/822048611/sys_ports_static.o
 .debug_abbrev  0x00002a71      0x2a4 build/default/debug/_ext/74298950/bsp.o
 .debug_abbrev  0x00002d15      0x1da build/default/debug/_ext/1688732426/system_init.o
 .debug_abbrev  0x00002eef      0x19f build/default/debug/_ext/1688732426/system_interrupt.o
 .debug_abbrev  0x0000308e       0xfc build/default/debug/_ext/1688732426/system_exceptions.o
 .debug_abbrev  0x0000318a      0x167 build/default/debug/_ext/1688732426/system_tasks.o
 .debug_abbrev  0x000032f1       0x12 build/default/debug/_ext/1688732426/system_interrupt_a.o
 .debug_abbrev  0x00003303       0x97 build/default/debug/_ext/1688732426/rtos_hooks.o
 .debug_abbrev  0x0000339a       0x28 c:/program files (x86)/microchip/xc32/v2.10/bin/bin/../../lib/gcc/pic32mx/4.8.3/../../../../pic32mx/lib\libpic32.a(default-bootstrap-exception-handler.o)
 .debug_abbrev  0x000033c2       0x28 c:/program files (x86)/microchip/xc32/v2.10/bin/bin/../../lib/gcc/pic32mx/4.8.3/../../../../pic32mx/lib\libpic32.a(default-on-reset.o)
 .debug_abbrev  0x000033ea       0x28 c:/program files (x86)/microchip/xc32/v2.10/bin/bin/../../lib/gcc/pic32mx/4.8.3/../../../../pic32mx/lib\libpic32.a(default-on-bootstrap.o)
 .debug_abbrev  0x00003412       0x28 c:/program files (x86)/microchip/xc32/v2.10/bin/bin/../../lib/gcc/pic32mx/4.8.3/../../../../pic32mx/lib\libpic32.a(defaultinterrupt.o)

.debug_line     0x00000000     0x62dd
 *(.debug_line)
 .debug_line    0x00000000       0x97 c:/program files (x86)/microchip/xc32/v2.10/bin/bin/../../lib/gcc/pic32mx/4.8.3/../../../../pic32mx/lib\software-debug-break.o
 .debug_line    0x00000097      0x282 build/default/debug/_ext/1360937237/appThread.o
 .debug_line    0x00000319       0xc7 build/default/debug/_ext/1360937237/main.o
 .debug_line    0x000003e0        0x0 build/default/debug/_ext/1360937237/debug.o
 .debug_line    0x000003e0        0x0 build/default/debug/_ext/1360937237/sensor_queue.o
 .debug_line    0x000003e0        0x0 build/default/debug/_ext/1360937237/sensor_state.o
 .debug_line    0x000003e0      0x2e2 build/default/debug/_ext/685969283/osal_freertos.o
 .debug_line    0x000006c2      0x2d1 build/default/debug/_ext/1872847683/sys_int_pic32.o
 .debug_line    0x00000993       0x1d build/default/debug/_ext/1755465438/croutine.o
 .debug_line    0x000009b0      0x1db build/default/debug/_ext/1755465438/list.o
 .debug_line    0x00000b8b      0x52c build/default/debug/_ext/1755465438/queue.o
 .debug_line    0x000010b7      0x84f build/default/debug/_ext/1755465438/tasks.o
 .debug_line    0x00001906       0x1d build/default/debug/_ext/1755465438/timers.o
 .debug_line    0x00001923      0x323 build/default/debug/_ext/1755465438/event_groups.o
 .debug_line    0x00001c46      0x416 build/default/debug/_ext/1755465438/stream_buffer.o
 .debug_line    0x0000205c      0x215 build/default/debug/_ext/1294454783/heap_1.o
 .debug_line    0x00002271      0x23a build/default/debug/_ext/1671281964/port.o
 .debug_line    0x000024ab      0x125 build/default/debug/_ext/1671281964/port_asm.o
 .debug_line    0x000025d0      0x633 build/default/debug/_ext/1361460060/drv_adc_static.o
 .debug_line    0x00002c03      0x6b3 build/default/debug/_ext/1407244131/drv_tmr_static.o
 .debug_line    0x000032b6      0x525 build/default/debug/_ext/1407244131/drv_tmr_mapping.o
 .debug_line    0x000037db      0x41a build/default/debug/_ext/639803181/sys_clk_pic32mx.o
 .debug_line    0x00003bf5      0x645 build/default/debug/_ext/340578644/sys_devcon.o
 .debug_line    0x0000423a      0x496 build/default/debug/_ext/340578644/sys_devcon_pic32mx.o
 .debug_line    0x000046d0      0x774 build/default/debug/_ext/822048611/sys_ports_static.o
 .debug_line    0x00004e44      0x3af build/default/debug/_ext/74298950/bsp.o
 .debug_line    0x000051f3      0x56f build/default/debug/_ext/1688732426/system_init.o
 .debug_line    0x00005762      0x2d2 build/default/debug/_ext/1688732426/system_interrupt.o
 .debug_line    0x00005a34      0x1e5 build/default/debug/_ext/1688732426/system_exceptions.o
 .debug_line    0x00005c19      0x289 build/default/debug/_ext/1688732426/system_tasks.o
 .debug_line    0x00005ea2       0x7c build/default/debug/_ext/1688732426/system_interrupt_a.o
 .debug_line    0x00005f1e      0x152 build/default/debug/_ext/1688732426/rtos_hooks.o
 .debug_line    0x00006070       0xa4 c:/program files (x86)/microchip/xc32/v2.10/bin/bin/../../lib/gcc/pic32mx/4.8.3/../../../../pic32mx/lib\libpic32.a(default-bootstrap-exception-handler.o)
 .debug_line    0x00006114       0x91 c:/program files (x86)/microchip/xc32/v2.10/bin/bin/../../lib/gcc/pic32mx/4.8.3/../../../../pic32mx/lib\libpic32.a(default-on-reset.o)
 .debug_line    0x000061a5       0x95 c:/program files (x86)/microchip/xc32/v2.10/bin/bin/../../lib/gcc/pic32mx/4.8.3/../../../../pic32mx/lib\libpic32.a(default-on-bootstrap.o)
 .debug_line    0x0000623a       0xa3 c:/program files (x86)/microchip/xc32/v2.10/bin/bin/../../lib/gcc/pic32mx/4.8.3/../../../../pic32mx/lib\libpic32.a(defaultinterrupt.o)

.debug_frame    0x00000000     0x1934
 *(.debug_frame)
 .debug_frame   0x00000000       0x20 c:/program files (x86)/microchip/xc32/v2.10/bin/bin/../../lib/gcc/pic32mx/4.8.3/../../../../pic32mx/lib\software-debug-break.o
 .debug_frame   0x00000020       0x40 build/default/debug/_ext/1360937237/appThread.o
 .debug_frame   0x00000060       0x28 build/default/debug/_ext/1360937237/main.o
 .debug_frame   0x00000088      0x150 build/default/debug/_ext/685969283/osal_freertos.o
 .debug_frame   0x000001d8       0x90 build/default/debug/_ext/1872847683/sys_int_pic32.o
 .debug_frame   0x00000268       0x60 build/default/debug/_ext/1755465438/list.o
 .debug_frame   0x000002c8      0x270 build/default/debug/_ext/1755465438/queue.o
 .debug_frame   0x00000538      0x510 build/default/debug/_ext/1755465438/tasks.o
 .debug_frame   0x00000a48      0x108 build/default/debug/_ext/1755465438/event_groups.o
 .debug_frame   0x00000b50      0x218 build/default/debug/_ext/1755465438/stream_buffer.o
 .debug_frame   0x00000d68       0x5c build/default/debug/_ext/1294454783/heap_1.o
 .debug_frame   0x00000dc4       0xc0 build/default/debug/_ext/1671281964/port.o
 .debug_frame   0x00000e84       0xd0 build/default/debug/_ext/1361460060/drv_adc_static.o
 .debug_frame   0x00000f54      0x108 build/default/debug/_ext/1407244131/drv_tmr_static.o
 .debug_frame   0x0000105c      0x26c build/default/debug/_ext/1407244131/drv_tmr_mapping.o
 .debug_frame   0x000012c8       0xa0 build/default/debug/_ext/639803181/sys_clk_pic32mx.o
 .debug_frame   0x00001368       0xe8 build/default/debug/_ext/340578644/sys_devcon.o
 .debug_frame   0x00001450       0x28 build/default/debug/_ext/340578644/sys_devcon_pic32mx.o
 .debug_frame   0x00001478      0x270 build/default/debug/_ext/822048611/sys_ports_static.o
 .debug_frame   0x000016e8       0xb8 build/default/debug/_ext/74298950/bsp.o
 .debug_frame   0x000017a0       0x28 build/default/debug/_ext/1688732426/system_init.o
 .debug_frame   0x000017c8       0x28 build/default/debug/_ext/1688732426/system_interrupt.o
 .debug_frame   0x000017f0       0x28 build/default/debug/_ext/1688732426/system_exceptions.o
 .debug_frame   0x00001818       0x50 build/default/debug/_ext/1688732426/system_tasks.o
 .debug_frame   0x00001868       0x40 build/default/debug/_ext/1688732426/rtos_hooks.o
 .debug_frame   0x000018a8       0x2c c:/program files (x86)/microchip/xc32/v2.10/bin/bin/../../lib/gcc/pic32mx/4.8.3/../../../../pic32mx/lib\libpic32.a(default-bootstrap-exception-handler.o)
 .debug_frame   0x000018d4       0x20 c:/program files (x86)/microchip/xc32/v2.10/bin/bin/../../lib/gcc/pic32mx/4.8.3/../../../../pic32mx/lib\libpic32.a(default-on-reset.o)
 .debug_frame   0x000018f4       0x20 c:/program files (x86)/microchip/xc32/v2.10/bin/bin/../../lib/gcc/pic32mx/4.8.3/../../../../pic32mx/lib\libpic32.a(default-on-bootstrap.o)
 .debug_frame   0x00001914       0x20 c:/program files (x86)/microchip/xc32/v2.10/bin/bin/../../lib/gcc/pic32mx/4.8.3/../../../../pic32mx/lib\libpic32.a(defaultinterrupt.o)

.debug_str      0x00000000      0x773
 *(.debug_str)
 .debug_str     0x00000000        0x0 c:/program files (x86)/microchip/xc32/v2.10/bin/bin/../../lib/gcc/pic32mx/4.8.3/../../../../pic32mx/lib\software-debug-break.o
 .debug_str     0x00000000        0x0 build/default/debug/_ext/1360937237/appThread.o
 .debug_str     0x00000000        0x0 build/default/debug/_ext/1360937237/main.o
 .debug_str     0x00000000        0x0 build/default/debug/_ext/1360937237/debug.o
 .debug_str     0x00000000        0x0 build/default/debug/_ext/1360937237/sensor_queue.o
 .debug_str     0x00000000        0x0 build/default/debug/_ext/1360937237/sensor_state.o
 .debug_str     0x00000000       0x40 build/default/debug/_ext/685969283/osal_freertos.o
 .debug_str     0x00000040       0x1d build/default/debug/_ext/1872847683/sys_int_pic32.o
 .debug_str     0x0000005d        0x0 build/default/debug/_ext/1755465438/croutine.o
 .debug_str     0x0000005d       0x2b build/default/debug/_ext/1755465438/list.o
 .debug_str     0x00000088      0x131 build/default/debug/_ext/1755465438/queue.o
 .debug_str     0x000001b9      0x19c build/default/debug/_ext/1755465438/tasks.o
 .debug_str     0x00000355        0x0 build/default/debug/_ext/1755465438/timers.o
 .debug_str     0x00000355       0xe6 build/default/debug/_ext/1755465438/event_groups.o
 .debug_str     0x0000043b      0x13d build/default/debug/_ext/1755465438/stream_buffer.o
 .debug_str     0x00000578       0x1d build/default/debug/_ext/1294454783/heap_1.o
 .debug_str     0x00000595       0x37 build/default/debug/_ext/1671281964/port.o
 .debug_str     0x000005cc       0x69 build/default/debug/_ext/1361460060/drv_adc_static.o
 .debug_str     0x00000635       0x68 build/default/debug/_ext/1407244131/drv_tmr_static.o
 .debug_str     0x0000069d        0xe build/default/debug/_ext/1407244131/drv_tmr_mapping.o
 .debug_str     0x000006ab       0x39 build/default/debug/_ext/639803181/sys_clk_pic32mx.o
 .debug_str     0x000006e4       0x16 build/default/debug/_ext/340578644/sys_devcon.o
 .debug_str     0x000006fa        0x6 build/default/debug/_ext/340578644/sys_devcon_pic32mx.o
 .debug_str     0x00000700       0x55 build/default/debug/_ext/822048611/sys_ports_static.o
 .debug_str     0x00000755       0x15 build/default/debug/_ext/74298950/bsp.o
 .debug_str     0x0000076a        0x0 build/default/debug/_ext/1688732426/system_init.o
 .debug_str     0x0000076a        0x0 build/default/debug/_ext/1688732426/system_interrupt.o
 .debug_str     0x0000076a        0x0 build/default/debug/_ext/1688732426/system_exceptions.o
 .debug_str     0x0000076a        0x0 build/default/debug/_ext/1688732426/system_tasks.o
 .debug_str     0x0000076a        0x9 build/default/debug/_ext/1688732426/rtos_hooks.o
 .debug_str     0x00000773        0x0 c:/program files (x86)/microchip/xc32/v2.10/bin/bin/../../lib/gcc/pic32mx/4.8.3/../../../../pic32mx/lib\libpic32.a(default-bootstrap-exception-handler.o)
 .debug_str     0x00000773        0x0 c:/program files (x86)/microchip/xc32/v2.10/bin/bin/../../lib/gcc/pic32mx/4.8.3/../../../../pic32mx/lib\libpic32.a(default-on-reset.o)
 .debug_str     0x00000773        0x0 c:/program files (x86)/microchip/xc32/v2.10/bin/bin/../../lib/gcc/pic32mx/4.8.3/../../../../pic32mx/lib\libpic32.a(default-on-bootstrap.o)
 .debug_str     0x00000773        0x0 c:/program files (x86)/microchip/xc32/v2.10/bin/bin/../../lib/gcc/pic32mx/4.8.3/../../../../pic32mx/lib\libpic32.a(defaultinterrupt.o)

.debug_loc      0x00000000     0x6cec
 *(.debug_loc)
 .debug_loc     0x00000000       0x40 build/default/debug/_ext/1360937237/appThread.o
 .debug_loc     0x00000040       0x20 build/default/debug/_ext/1360937237/main.o
 .debug_loc     0x00000060      0x566 build/default/debug/_ext/685969283/osal_freertos.o
 .debug_loc     0x000005c6       0xfc build/default/debug/_ext/1872847683/sys_int_pic32.o
 .debug_loc     0x000006c2       0x44 build/default/debug/_ext/1755465438/list.o
 .debug_loc     0x00000706     0x1380 build/default/debug/_ext/1755465438/queue.o
 .debug_loc     0x00001a86     0x1acc build/default/debug/_ext/1755465438/tasks.o
 .debug_loc     0x00003552      0xa2a build/default/debug/_ext/1755465438/event_groups.o
 .debug_loc     0x00003f7c     0x1253 build/default/debug/_ext/1755465438/stream_buffer.o
 .debug_loc     0x000051cf       0x69 build/default/debug/_ext/1294454783/heap_1.o
 .debug_loc     0x00005238      0x1b5 build/default/debug/_ext/1671281964/port.o
 .debug_loc     0x000053ed       0x42 build/default/debug/_ext/1361460060/drv_adc_static.o
 .debug_loc     0x0000542f      0x2df build/default/debug/_ext/1407244131/drv_tmr_static.o
 .debug_loc     0x0000570e      0x644 build/default/debug/_ext/1407244131/drv_tmr_mapping.o
 .debug_loc     0x00005d52       0xc1 build/default/debug/_ext/639803181/sys_clk_pic32mx.o
 .debug_loc     0x00005e13      0x150 build/default/debug/_ext/340578644/sys_devcon.o
 .debug_loc     0x00005f63       0xfa build/default/debug/_ext/340578644/sys_devcon_pic32mx.o
 .debug_loc     0x0000605d      0x73d build/default/debug/_ext/822048611/sys_ports_static.o
 .debug_loc     0x0000679a      0x3db build/default/debug/_ext/74298950/bsp.o
 .debug_loc     0x00006b75       0x41 build/default/debug/_ext/1688732426/system_init.o
 .debug_loc     0x00006bb6       0x20 build/default/debug/_ext/1688732426/system_interrupt.o
 .debug_loc     0x00006bd6       0x20 build/default/debug/_ext/1688732426/system_exceptions.o
 .debug_loc     0x00006bf6       0x40 build/default/debug/_ext/1688732426/system_tasks.o
 .debug_loc     0x00006c36       0x8a build/default/debug/_ext/1688732426/rtos_hooks.o
 .debug_loc     0x00006cc0       0x2c c:/program files (x86)/microchip/xc32/v2.10/bin/bin/../../lib/gcc/pic32mx/4.8.3/../../../../pic32mx/lib\libpic32.a(default-bootstrap-exception-handler.o)

.debug_macinfo
 *(.debug_macinfo)

.debug_weaknames
 *(.debug_weaknames)

.debug_funcnames
 *(.debug_funcnames)

.debug_typenames
 *(.debug_typenames)

.debug_varnames
 *(.debug_varnames)

.debug_pubtypes
 *(.debug_pubtypes)

.debug_ranges   0x00000000      0xb98
 *(.debug_ranges)
 .debug_ranges  0x00000000       0x10 c:/program files (x86)/microchip/xc32/v2.10/bin/bin/../../lib/gcc/pic32mx/4.8.3/../../../../pic32mx/lib\software-debug-break.o
 .debug_ranges  0x00000010       0x18 build/default/debug/_ext/1360937237/appThread.o
 .debug_ranges  0x00000028       0x10 build/default/debug/_ext/1360937237/main.o
 .debug_ranges  0x00000038       0x78 build/default/debug/_ext/685969283/osal_freertos.o
 .debug_ranges  0x000000b0       0x50 build/default/debug/_ext/1872847683/sys_int_pic32.o
 .debug_ranges  0x00000100       0x30 build/default/debug/_ext/1755465438/list.o
 .debug_ranges  0x00000130      0x148 build/default/debug/_ext/1755465438/queue.o
 .debug_ranges  0x00000278      0x1d0 build/default/debug/_ext/1755465438/tasks.o
 .debug_ranges  0x00000448       0x98 build/default/debug/_ext/1755465438/event_groups.o
 .debug_ranges  0x000004e0       0xb8 build/default/debug/_ext/1755465438/stream_buffer.o
 .debug_ranges  0x00000598       0x28 build/default/debug/_ext/1294454783/heap_1.o
 .debug_ranges  0x000005c0       0x48 build/default/debug/_ext/1671281964/port.o
 .debug_ranges  0x00000608       0x68 build/default/debug/_ext/1361460060/drv_adc_static.o
 .debug_ranges  0x00000670       0x98 build/default/debug/_ext/1407244131/drv_tmr_static.o
 .debug_ranges  0x00000708       0xd8 build/default/debug/_ext/1407244131/drv_tmr_mapping.o
 .debug_ranges  0x000007e0       0x40 build/default/debug/_ext/639803181/sys_clk_pic32mx.o
 .debug_ranges  0x00000820       0x68 build/default/debug/_ext/340578644/sys_devcon.o
 .debug_ranges  0x00000888       0x10 build/default/debug/_ext/340578644/sys_devcon_pic32mx.o
 .debug_ranges  0x00000898      0x138 build/default/debug/_ext/822048611/sys_ports_static.o
 .debug_ranges  0x000009d0      0x100 build/default/debug/_ext/74298950/bsp.o
 .debug_ranges  0x00000ad0       0x10 build/default/debug/_ext/1688732426/system_init.o
 .debug_ranges  0x00000ae0       0x10 build/default/debug/_ext/1688732426/system_interrupt.o
 .debug_ranges  0x00000af0       0x10 build/default/debug/_ext/1688732426/system_exceptions.o
 .debug_ranges  0x00000b00       0x20 build/default/debug/_ext/1688732426/system_tasks.o
 .debug_ranges  0x00000b20       0x20 build/default/debug/_ext/1688732426/system_interrupt_a.o
 .debug_ranges  0x00000b40       0x18 build/default/debug/_ext/1688732426/rtos_hooks.o
 .debug_ranges  0x00000b58       0x10 c:/program files (x86)/microchip/xc32/v2.10/bin/bin/../../lib/gcc/pic32mx/4.8.3/../../../../pic32mx/lib\libpic32.a(default-bootstrap-exception-handler.o)
 .debug_ranges  0x00000b68       0x10 c:/program files (x86)/microchip/xc32/v2.10/bin/bin/../../lib/gcc/pic32mx/4.8.3/../../../../pic32mx/lib\libpic32.a(default-on-reset.o)
 .debug_ranges  0x00000b78       0x10 c:/program files (x86)/microchip/xc32/v2.10/bin/bin/../../lib/gcc/pic32mx/4.8.3/../../../../pic32mx/lib\libpic32.a(default-on-bootstrap.o)
 .debug_ranges  0x00000b88       0x10 c:/program files (x86)/microchip/xc32/v2.10/bin/bin/../../lib/gcc/pic32mx/4.8.3/../../../../pic32mx/lib\libpic32.a(defaultinterrupt.o)

.gnu.attributes
                0x00000000       0x10
 *(.gnu.attributes)
 .gnu.attributes
                0x00000000       0x10 c:/program files (x86)/microchip/xc32/v2.10/bin/bin/../../lib/gcc/pic32mx/4.8.3/../../../../pic32mx/lib\software-debug-break.o
 .gnu.attributes
                0x00000010       0x10 build/default/debug/_ext/1360937237/appThread.o
 .gnu.attributes
                0x00000020       0x10 build/default/debug/_ext/1360937237/main.o
 .gnu.attributes
                0x00000030       0x10 build/default/debug/_ext/1360937237/debug.o
 .gnu.attributes
                0x00000040       0x10 build/default/debug/_ext/1360937237/sensor_queue.o
 .gnu.attributes
                0x00000050       0x10 build/default/debug/_ext/1360937237/sensor_state.o
 .gnu.attributes
                0x00000060       0x10 build/default/debug/_ext/685969283/osal_freertos.o
 .gnu.attributes
                0x00000070       0x10 build/default/debug/_ext/1872847683/sys_int_pic32.o
 .gnu.attributes
                0x00000080       0x10 build/default/debug/_ext/1755465438/croutine.o
 .gnu.attributes
                0x00000090       0x10 build/default/debug/_ext/1755465438/list.o
 .gnu.attributes
                0x000000a0       0x10 build/default/debug/_ext/1755465438/queue.o
 .gnu.attributes
                0x000000b0       0x10 build/default/debug/_ext/1755465438/tasks.o
 .gnu.attributes
                0x000000c0       0x10 build/default/debug/_ext/1755465438/timers.o
 .gnu.attributes
                0x000000d0       0x10 build/default/debug/_ext/1755465438/event_groups.o
 .gnu.attributes
                0x000000e0       0x10 build/default/debug/_ext/1755465438/stream_buffer.o
 .gnu.attributes
                0x000000f0       0x10 build/default/debug/_ext/1294454783/heap_1.o
 .gnu.attributes
                0x00000100       0x10 build/default/debug/_ext/1671281964/port.o
 .gnu.attributes
                0x00000110       0x10 build/default/debug/_ext/1361460060/drv_adc_static.o
 .gnu.attributes
                0x00000120       0x10 build/default/debug/_ext/1407244131/drv_tmr_static.o
 .gnu.attributes
                0x00000130       0x10 build/default/debug/_ext/1407244131/drv_tmr_mapping.o
 .gnu.attributes
                0x00000140       0x10 build/default/debug/_ext/639803181/sys_clk_pic32mx.o
 .gnu.attributes
                0x00000150       0x10 build/default/debug/_ext/340578644/sys_devcon.o
 .gnu.attributes
                0x00000160       0x10 build/default/debug/_ext/340578644/sys_devcon_pic32mx.o
 .gnu.attributes
                0x00000170       0x10 build/default/debug/_ext/822048611/sys_ports_static.o
 .gnu.attributes
                0x00000180       0x10 build/default/debug/_ext/74298950/bsp.o
 .gnu.attributes
                0x00000190       0x10 build/default/debug/_ext/1688732426/system_init.o
 .gnu.attributes
                0x000001a0       0x10 build/default/debug/_ext/1688732426/system_interrupt.o
 .gnu.attributes
                0x000001b0       0x10 build/default/debug/_ext/1688732426/system_exceptions.o
 .gnu.attributes
                0x000001c0       0x10 build/default/debug/_ext/1688732426/system_tasks.o
 .gnu.attributes
                0x000001d0       0x10 build/default/debug/_ext/1688732426/rtos_hooks.o
 .gnu.attributes
                0x000001e0       0x10 c:/program files (x86)/microchip/xc32/v2.10/bin/bin/../../lib/gcc/pic32mx/4.8.3/../../../../pic32mx/lib\libpic32.a(default-bootstrap-exception-handler.o)
 .gnu.attributes
                0x000001f0       0x10 c:/program files (x86)/microchip/xc32/v2.10/bin/bin/../../lib/gcc/pic32mx/4.8.3/../../../../pic32mx/lib\libpic32.a(default-on-reset.o)
 .gnu.attributes
                0x00000200       0x10 c:/program files (x86)/microchip/xc32/v2.10/bin/bin/../../lib/gcc/pic32mx/4.8.3/../../../../pic32mx/lib\libpic32.a(default-on-bootstrap.o)
 .gnu.attributes
                0x00000210       0x10 c:/program files (x86)/microchip/xc32/v2.10/bin/bin/../../lib/gcc/pic32mx/4.8.3/../../../../pic32mx/lib\libpic32.a(defaultinterrupt.o)
LOAD c:/program files (x86)/microchip/xc32/v2.10/bin/bin/../../lib/gcc/pic32mx/4.8.3\libgcc.a
START GROUP
LOAD c:/program files (x86)/microchip/xc32/v2.10/bin/bin/../../lib/gcc/pic32mx/4.8.3/../../../../pic32mx/lib\libpic32.a
LOAD c:/program files (x86)/microchip/xc32/v2.10/bin/bin/../../lib/gcc/pic32mx/4.8.3/../../../../pic32mx/lib\libdebug.a
LOAD c:/program files (x86)/microchip/xc32/v2.10/bin/bin/../../lib/gcc/pic32mx/4.8.3/../../../../pic32mx/lib\libpic32.a
LOAD c:/program files (x86)/microchip/xc32/v2.10/bin/bin/../../lib/gcc/pic32mx/4.8.3/../../../../pic32mx/lib\libc.a
LOAD c:/program files (x86)/microchip/xc32/v2.10/bin/bin/../../lib/gcc/pic32mx/4.8.3/../../../../pic32mx/lib\libc.a
LOAD c:/program files (x86)/microchip/xc32/v2.10/bin/bin/../../lib/gcc/pic32mx/4.8.3/../../../../pic32mx/lib\libm.a
LOAD c:/program files (x86)/microchip/xc32/v2.10/bin/bin/../../lib/gcc/pic32mx/4.8.3/../../../../pic32mx/lib\libe.a
LOAD c:/program files (x86)/microchip/xc32/v2.10/bin/bin/../../lib/gcc/pic32mx/4.8.3/../../../../pic32mx/lib\libdsp.a
LOAD c:/program files (x86)/microchip/xc32/v2.10/bin/bin/../../lib/gcc/pic32mx/4.8.3\libgcc.a
LOAD c:/program files (x86)/microchip/xc32/v2.10/bin/bin/../../lib/gcc/pic32mx/4.8.3/../../../../pic32mx/lib\libpic32.a
END GROUP
LOAD c:/program files (x86)/microchip/xc32/v2.10/bin/bin/../../lib/gcc/pic32mx/4.8.3\libgcc.a
OUTPUT(dist/default/debug/Milestone1.X.debug.elf elf32-tradlittlemips)
LOAD stack
LOAD data_init

.reginfo        0x00000000       0x18
 .reginfo       0x00000000       0x18 c:/program files (x86)/microchip/xc32/v2.10/bin/bin/../../lib/gcc/pic32mx/4.8.3/../../../../pic32mx/lib/./proc/32MX795F512L/crt0_mips32r2.o

.stack          0xa0003190      0x400
 .stack         0xa0003190      0x400 stack

.bss            0xa0000330     0x2e40
 .bss           0xa0000330     0x2800 build/default/debug/_ext/1294454783/heap_1.o
 .bss           0xa0002b30      0x640 build/default/debug/_ext/1671281964/port.o
                0xa0002b30                xISRStack

.text           0x9d000000      0x454
 .text          0x9d000000      0x454 build/default/debug/_ext/1671281964/port_asm.o
                0x9d000000                vPortTickInterruptHandler
                0x9d0001ac                vPortStartFirstTask
                0x9d000274                vPortYieldISR

.DrvTmrInstance0_vector_text
                0x9d000454      0x1b4
 .DrvTmrInstance0_vector_text
                0x9d000454      0x1b4 build/default/debug/_ext/1688732426/system_interrupt_a.o

.text.xTaskIncrementTick
                0x9d000608      0x198
 .text.xTaskIncrementTick
                0x9d000608      0x198 build/default/debug/_ext/1755465438/tasks.o
                0x9d000608                xTaskIncrementTick

.text.xTaskResumeAll
                0x9d0007a0      0x148
 .text.xTaskResumeAll
                0x9d0007a0      0x148 build/default/debug/_ext/1755465438/tasks.o
                0x9d0007a0                xTaskResumeAll

.text.prvInitialiseNewTask
                0x9d0008e8      0x12c
 .text.prvInitialiseNewTask
                0x9d0008e8      0x12c build/default/debug/_ext/1755465438/tasks.o
                0x9d0008e8                prvInitialiseNewTask

.rodata         0x9d000a14      0x128
 .rodata        0x9d000a14      0x128 build/default/debug/_ext/1688732426/system_exceptions.o

.text.prvAddNewTaskToReadyList
                0x9d000b3c      0x104
 .text.prvAddNewTaskToReadyList
                0x9d000b3c      0x104 build/default/debug/_ext/1755465438/tasks.o
                0x9d000b3c                prvAddNewTaskToReadyList

.text.vTaskSwitchContext
                0x9d000c40       0xe0
 .text.vTaskSwitchContext
                0x9d000c40       0xe0 build/default/debug/_ext/1755465438/tasks.o
                0x9d000c40                vTaskSwitchContext

.text.SYS_DEVCON_PerformanceConfig
                0x9d000d20       0xe0
 .text.SYS_DEVCON_PerformanceConfig
                0x9d000d20       0xe0 build/default/debug/_ext/340578644/sys_devcon_pic32mx.o
                0x9d000d20                SYS_DEVCON_PerformanceConfig

.text.general_exception
                0x9d000e00       0xdc
 .text.general_exception
                0x9d000e00       0xdc c:/program files (x86)/microchip/xc32/v2.10/bin/bin/../../lib/gcc/pic32mx/4.8.3/../../../../pic32mx/lib\libpic32.a(general-exception.o)
                0x9d000e00                _general_exception_context

.text.xTaskCreate
                0x9d000edc       0xc0
 .text.xTaskCreate
                0x9d000edc       0xc0 build/default/debug/_ext/1755465438/tasks.o
                0x9d000edc                xTaskCreate

.text.BSP_LEDOff
                0x9d000f9c       0xc0
 .text.BSP_LEDOff
                0x9d000f9c       0xc0 build/default/debug/_ext/74298950/bsp.o
                0x9d000f9c                BSP_LEDOff

.text.pvPortMalloc
                0x9d00105c       0xb0
 .text.pvPortMalloc
                0x9d00105c       0xb0 build/default/debug/_ext/1294454783/heap_1.o
                0x9d00105c                pvPortMalloc

.text.SYS_PORTS_Initialize
                0x9d00110c       0xb0
 .text.SYS_PORTS_Initialize
                0x9d00110c       0xb0 build/default/debug/_ext/822048611/sys_ports_static.o
                0x9d00110c                SYS_PORTS_Initialize

.text           0x9d0011bc       0xa8
 .text          0x9d0011bc       0xa8 c:/program files (x86)/microchip/xc32/v2.10/bin/bin/../../lib/gcc/pic32mx/4.8.3/../../../../pic32mx/lib\libpic32.a(memset.o)
                0x9d0011bc                memset

.text.DRV_ADC_Initialize
                0x9d001264       0x94
 .text.DRV_ADC_Initialize
                0x9d001264       0x94 build/default/debug/_ext/1361460060/drv_adc_static.o
                0x9d001264                DRV_ADC_Initialize

.text.prvInitialiseTaskLists
                0x9d0012f8       0x90
 .text.prvInitialiseTaskLists
                0x9d0012f8       0x90 build/default/debug/_ext/1755465438/tasks.o
                0x9d0012f8                prvInitialiseTaskLists

.text           0x9d001388       0x84
 .text          0x9d001388       0x84 c:/program files (x86)/microchip/xc32/v2.10/bin/bin/../../lib/gcc/pic32mx/4.8.3/../../../../pic32mx/lib\libpic32.a(pic32_data_init.o)
                0x9d001388                __pic32_data_init

.text.prvCheckTasksWaitingTermination
                0x9d00140c       0x80
 .text.prvCheckTasksWaitingTermination
                0x9d00140c       0x80 build/default/debug/_ext/1755465438/tasks.o
                0x9d00140c                prvCheckTasksWaitingTermination

.dinit          0x9d00148c       0x80
 .dinit         0x9d00148c       0x80 data_init

.text.DRV_TMR0_Initialize
                0x9d00150c       0x7c
 .text.DRV_TMR0_Initialize
                0x9d00150c       0x7c build/default/debug/_ext/1407244131/drv_tmr_static.o
                0x9d00150c                DRV_TMR0_Initialize

.text.vTaskStartScheduler
                0x9d001588       0x78
 .text.vTaskStartScheduler
                0x9d001588       0x78 build/default/debug/_ext/1755465438/tasks.o
                0x9d001588                vTaskStartScheduler

.text.SYS_Initialize
                0x9d001600       0x70
 .text.SYS_Initialize
                0x9d001600       0x70 build/default/debug/_ext/1688732426/system_init.o
                0x9d001600                SYS_Initialize

.text.vApplicationSetupTickTimerInterrupt
                0x9d001670       0x6c
 .text.vApplicationSetupTickTimerInterrupt
                0x9d001670       0x6c build/default/debug/_ext/1671281964/port.o
                0x9d001670                vApplicationSetupTickTimerInterrupt

.text.SYS_Tasks
                0x9d0016dc       0x68
 .text.SYS_Tasks
                0x9d0016dc       0x68 build/default/debug/_ext/1688732426/system_tasks.o
                0x9d0016dc                SYS_Tasks

.text.vTaskExitCritical
                0x9d001744       0x60
 .text.vTaskExitCritical
                0x9d001744       0x60 build/default/debug/_ext/1755465438/tasks.o
                0x9d001744                vTaskExitCritical

.text.SYS_PORTS_PinDirectionSelect
                0x9d0017a4       0x60
 .text.SYS_PORTS_PinDirectionSelect
                0x9d0017a4       0x60 build/default/debug/_ext/822048611/sys_ports_static.o
                0x9d0017a4                SYS_PORTS_PinDirectionSelect

.text.xPortStartScheduler
                0x9d001804       0x5c
 .text.xPortStartScheduler
                0x9d001804       0x5c build/default/debug/_ext/1671281964/port.o
                0x9d001804                xPortStartScheduler

.text.SYS_DEVCON_SystemUnlock
                0x9d001860       0x58
 .text.SYS_DEVCON_SystemUnlock
                0x9d001860       0x58 build/default/debug/_ext/340578644/sys_devcon.o
                0x9d001860                SYS_DEVCON_SystemUnlock

.text.main_entry
                0x9d0018b8       0x54
 .text.main_entry
                0x9d0018b8       0x54 c:/program files (x86)/microchip/xc32/v2.10/bin/bin/../../lib/gcc/pic32mx/4.8.3/../../../../pic32mx/lib/./proc/32MX795F512L/crt0_mips32r2.o
                0x9d0018ec                __crt0_exit

.text.pxPortInitialiseStack
                0x9d00190c       0x54
 .text.pxPortInitialiseStack
                0x9d00190c       0x54 build/default/debug/_ext/1671281964/port.o
                0x9d00190c                pxPortInitialiseStack

.text.vPortIncrementTick
                0x9d001960       0x54
 .text.vPortIncrementTick
                0x9d001960       0x54 build/default/debug/_ext/1671281964/port.o
                0x9d001960                vPortIncrementTick

.text.uxListRemove
                0x9d0019b4       0x4c
 .text.uxListRemove
                0x9d0019b4       0x4c build/default/debug/_ext/1755465438/list.o
                0x9d0019b4                uxListRemove

.text.vTaskEnterCritical
                0x9d001a00       0x48
 .text.vTaskEnterCritical
                0x9d001a00       0x48 build/default/debug/_ext/1755465438/tasks.o
                0x9d001a00                vTaskEnterCritical

.text.SYS_DEVCON_SystemLock
                0x9d001a48       0x48
 .text.SYS_DEVCON_SystemLock
                0x9d001a48       0x48 build/default/debug/_ext/340578644/sys_devcon.o
                0x9d001a48                SYS_DEVCON_SystemLock

.text._bootstrap_exception_handler
                0x9d001a90       0x48
 .text._bootstrap_exception_handler
                0x9d001a90       0x48 c:/program files (x86)/microchip/xc32/v2.10/bin/bin/../../lib/gcc/pic32mx/4.8.3/../../../../pic32mx/lib\libpic32.a(default-bootstrap-exception-handler.o)
                0x9d001a90                _bootstrap_exception_handler

.vector_default
                0x9d001ad8       0x48
 .vector_default
                0x9d001ad8       0x48 c:/program files (x86)/microchip/xc32/v2.10/bin/bin/../../lib/gcc/pic32mx/4.8.3/../../../../pic32mx/lib\libpic32.a(defaultinterrupt.o)
                0x9d001ad8                _DefaultInterrupt

.text.SYS_CLK_Initialize
                0x9d001b20       0x44
 .text.SYS_CLK_Initialize
                0x9d001b20       0x44 build/default/debug/_ext/639803181/sys_clk_pic32mx.o
                0x9d001b20                SYS_CLK_Initialize

.text._general_exception_handler
                0x9d001b64       0x44
 .text._general_exception_handler
                0x9d001b64       0x44 build/default/debug/_ext/1688732426/system_exceptions.o
                0x9d001b64                _general_exception_handler

.text           0x9d001ba8       0x44
 .text          0x9d001ba8       0x44 c:/program files (x86)/microchip/xc32/v2.10/bin/bin/../../lib/gcc/pic32mx/4.8.3/../../../../pic32mx/lib\pic32_software_reset.o
                0x9d001ba8                __pic32_software_reset

.text.prvIdleTask
                0x9d001bec       0x40
 .text.prvIdleTask
                0x9d001bec       0x40 build/default/debug/_ext/1755465438/tasks.o
                0x9d001bec                prvIdleTask

.text.uxPortSetInterruptMaskFromISR
                0x9d001c2c       0x3c
 .text.uxPortSetInterruptMaskFromISR
                0x9d001c2c       0x3c build/default/debug/_ext/1671281964/port.o
                0x9d001c2c                uxPortSetInterruptMaskFromISR

.text.DRV_TMR0_Start
                0x9d001c68       0x3c
 .text.DRV_TMR0_Start
                0x9d001c68       0x3c build/default/debug/_ext/1407244131/drv_tmr_static.o
                0x9d001c68                DRV_TMR0_Start

.rodata         0x9d001ca4       0x3c
 .rodata        0x9d001ca4       0x3c build/default/debug/_ext/74298950/bsp.o

.text.APPTHREAD_Initialize
                0x9d001ce0       0x38
 .text.APPTHREAD_Initialize
                0x9d001ce0       0x38 build/default/debug/_ext/1360937237/appThread.o
                0x9d001ce0                APPTHREAD_Initialize

.text.prvResetNextTaskUnblockTime
                0x9d001d18       0x38
 .text.prvResetNextTaskUnblockTime
                0x9d001d18       0x38 build/default/debug/_ext/1755465438/tasks.o
                0x9d001d18                prvResetNextTaskUnblockTime

.text.BSP_Initialize
                0x9d001d50       0x38
 .text.BSP_Initialize
                0x9d001d50       0x38 build/default/debug/_ext/74298950/bsp.o
                0x9d001d50                BSP_Initialize

.text.vListInsertEnd
                0x9d001d88       0x34
 .text.vListInsertEnd
                0x9d001d88       0x34 build/default/debug/_ext/1755465438/list.o
                0x9d001d88                vListInsertEnd

.text.prvDeleteTCB
                0x9d001dbc       0x30
 .text.prvDeleteTCB
                0x9d001dbc       0x30 build/default/debug/_ext/1755465438/tasks.o
                0x9d001dbc                prvDeleteTCB

.text.SYS_PORTS_PinSet
                0x9d001dec       0x30
 .text.SYS_PORTS_PinSet
                0x9d001dec       0x30 build/default/debug/_ext/822048611/sys_ports_static.o
                0x9d001dec                SYS_PORTS_PinSet

.text.IntHandlerDrvTmrInstance0
                0x9d001e1c       0x30
 .text.IntHandlerDrvTmrInstance0
                0x9d001e1c       0x30 build/default/debug/_ext/1688732426/system_interrupt.o
                0x9d001e1c                IntHandlerDrvTmrInstance0

.text.vListInitialise
                0x9d001e4c       0x24
 .text.vListInitialise
                0x9d001e4c       0x24 build/default/debug/_ext/1755465438/list.o
                0x9d001e4c                vListInitialise

.text.prvTaskExitError
                0x9d001e70       0x24
 .text.prvTaskExitError
                0x9d001e70       0x24 build/default/debug/_ext/1671281964/port.o

.text.vApplicationStackOverflowHook
                0x9d001e94       0x24
 .text.vApplicationStackOverflowHook
                0x9d001e94       0x24 build/default/debug/_ext/1688732426/rtos_hooks.o
                0x9d001e94                vApplicationStackOverflowHook

.text.vApplicationMallocFailedHook
                0x9d001eb8       0x24
 .text.vApplicationMallocFailedHook